=== instructions/mod.rs ===
//! Instruction processors for CpiCustom

use crate::*;

pub mod raw_cpi;
pub use raw_cpi::raw_cpi;


=== instructions/raw_cpi.rs ===
use super::*;
use solana_program::program::invoke;

pub fn raw_cpi(
    program_id: &Pubkey,
    accounts: &[AccountInfo],
    data: &[u8],
) -> ProgramResult {
    if accounts.len() < 3 {
        return Err(ProgramError::NotEnoughAccountKeys);
    }
    // Capture instruction data before account bindings; an account named
    // "data" would otherwise shadow the parameter and break arg parsing.
    let __ix_data: &[u8] = data;

    let from = &accounts[0];
    let to = &accounts[1];
    let target_program = &accounts[2];

    if !from.is_signer {
        return Err(ProgramError::MissingRequiredSignature);
    }
    if !from.is_writable || !to.is_writable {
        return Err(ProgramError::InvalidAccountData);
    }

    // Args
    let mut remaining: &[u8] = __ix_data;
    if remaining.len() < 8 {
        return Err(ProgramError::InvalidInstructionData);
    }
    let (arg_bytes, rest) = remaining.split_at(8);
    remaining = rest;
    let amount: u64 = u64::from_le_bytes(
        arg_bytes.try_into().map_err(|_| ProgramError::InvalidInstructionData)?
    );
    if !remaining.is_empty() {
        return Err(ProgramError::InvalidInstructionData);
    }

    let ix = Instruction { program_id: *target_program.key, accounts: vec![AccountMeta::new(*from.key, true), AccountMeta::new(*to.key, false)], data: amount.to_le_bytes().to_vec() };
    invoke(&ix, &[from.clone(), to.clone()])?;
    Ok(())

}

=== lib.rs ===
//! CpiCustom — generated by Anvil v0.4.0
//! Source framework: Anchor → Target: Native
//!
//! This code was automatically generated. Sections marked with
//! "⚠️ Anvil: Review" should be verified before deployment.
#![deny(clippy::all)]
#![allow(unexpected_cfgs, dead_code, deprecated, unused_imports)]

use borsh::{BorshDeserialize, BorshSerialize};
use solana_program::{
    account_info::AccountInfo,
    entrypoint,
    entrypoint::ProgramResult,
    program_error::ProgramError,
    pubkey::Pubkey,
    sysvar::Sysvar,
};
use solana_program::instruction::{Instruction, AccountMeta};



mod instructions;

use instructions::*;

entrypoint!(process_instruction);

pub fn process_instruction(
    program_id: &Pubkey,
    accounts: &[AccountInfo],
    instruction_data: &[u8],
) -> ProgramResult {
    if instruction_data.len() < 8 {
        return Err(ProgramError::InvalidInstructionData);
    }

    let (discriminator, data) = instruction_data.split_at(8);
    router(program_id, accounts, discriminator, data)
}

fn router(
    program_id: &Pubkey,
    accounts: &[AccountInfo],
    discriminator: &[u8],
    data: &[u8],
) -> ProgramResult {
    match discriminator {
        [25, 99, 229, 183, 191, 231, 195, 73] => raw_cpi(program_id, accounts, data),
        _ => Err(ProgramError::InvalidInstructionData),
    }
}