=== instructions/mod.rs ===
//! Instruction processors for CpiMemo

use crate::*;

pub mod write_memo;
pub use write_memo::write_memo;


=== instructions/write_memo.rs ===
use super::*;
use solana_program::program::invoke;

pub fn write_memo(
    program_id: &Pubkey,
    accounts: &[AccountInfo],
    data: &[u8],
) -> ProgramResult {
    if accounts.len() < 2 {
        return Err(ProgramError::NotEnoughAccountKeys);
    }
    // Capture instruction data before account bindings; an account named
    // "data" would otherwise shadow the parameter and break arg parsing.
    let __ix_data: &[u8] = data;

    let authority = &accounts[0];
    let memo_program = &accounts[1];

    if !authority.is_signer {
        return Err(ProgramError::MissingRequiredSignature);
    }
    if *memo_program.key != Pubkey::new_from_array([5, 74, 83, 90, 153, 41, 33, 6, 77, 36, 232, 113, 96, 218, 56, 124, 124, 53, 181, 221, 188, 146, 187, 129, 228, 31, 168, 64, 65, 5, 68, 141]) {
        return Err(ProgramError::IncorrectProgramId);
    }

    // Args
    let mut remaining: &[u8] = __ix_data;
    let data: Vec<u8> = BorshDeserialize::deserialize(&mut remaining)
        .map_err(|_| ProgramError::InvalidInstructionData)?;
    if !remaining.is_empty() {
        return Err(ProgramError::InvalidInstructionData);
    }

    // CPI: invoke external program (no-account form -- accounts are inlined below);
    // SPL Memo CPI
    invoke(
        &spl_memo::build_memo(&data, &[]),
        &[],
    )?;
    Ok(())

}

=== lib.rs ===
//! CpiMemo — generated by Anvil v0.4.0
//! Source framework: Anchor → Target: Native
//!
//! This code was automatically generated. Sections marked with
//! "⚠️ Anvil: Review" should be verified before deployment.
#![deny(clippy::all)]
#![allow(unexpected_cfgs, dead_code, deprecated, unused_imports)]

use borsh::{BorshDeserialize, BorshSerialize};
use solana_program::{
    account_info::AccountInfo,
    entrypoint,
    entrypoint::ProgramResult,
    program::invoke,
    program_error::ProgramError,
    pubkey::Pubkey,
    sysvar::Sysvar,
};
use spl_memo;

// G19 — Anchor's declare_id!() expands to these two items at crate root.
// Carried code may reference `crate::ID` or `crate::id()` for ownership
// checks and PDA derivations — stub them so emit stays compilable.
pub const ID: Pubkey = Pubkey::new_from_array([3, 7, 86, 148, 87, 56, 68, 255, 105, 198, 145, 137, 63, 144, 154, 157, 99, 190, 120, 82, 224, 219, 130, 42, 142, 12, 244, 160, 0, 0, 0, 0]);
pub fn id() -> Pubkey { ID }



mod instructions;

use instructions::*;

entrypoint!(process_instruction);

pub fn process_instruction(
    program_id: &Pubkey,
    accounts: &[AccountInfo],
    instruction_data: &[u8],
) -> ProgramResult {
    if program_id != &ID {
        return Err(ProgramError::IncorrectProgramId);
    }

    if instruction_data.len() < 8 {
        return Err(ProgramError::InvalidInstructionData);
    }

    let (discriminator, data) = instruction_data.split_at(8);
    router(program_id, accounts, discriminator, data)
}

fn router(
    program_id: &Pubkey,
    accounts: &[AccountInfo],
    discriminator: &[u8],
    data: &[u8],
) -> ProgramResult {
    match discriminator {
        [30, 151, 159, 3, 255, 15, 248, 11] => write_memo(program_id, accounts, data),
        _ => Err(ProgramError::InvalidInstructionData),
    }
}