=== helpers.rs ===
//! Helper functions for CpiCustom

use super::*;

pub fn bump_seed(
    program_id: &Pubkey,
    seeds: &[&[u8]],
    expected: &Pubkey,
) -> Result<u8, ProgramError> {
    for bump in (0..=255u8).rev() {
        let mut seeds_with_bump: [&[u8]; 16] = [&[]; 16];
        let len = seeds.len().min(15);
        seeds_with_bump[..len].copy_from_slice(&seeds[..len]);
        let bump_slice = &[bump];
        seeds_with_bump[len] = bump_slice;
        if let Ok(derived) = pinocchio::pubkey::create_program_address(&seeds_with_bump[..len + 1], program_id) {
            if &derived == expected {
                return Ok(bump);
            }
        }
    }
    Err(ProgramError::InvalidSeeds)
}

=== instructions/mod.rs ===
//! Instruction processors for CpiCustom

use crate::*;
use crate::helpers::*;

pub mod raw_transfer;
pub use raw_transfer::raw_transfer;


=== instructions/raw_transfer.rs ===
use super::*;

pub fn raw_transfer(
    program_id: &Pubkey,
    accounts: &[AccountInfo],
    data: &[u8],
) -> ProgramResult {
    // ⚠️ Anvil: cpi_custom CPI(s) to 'unknown' — manual port required.
    // Anvil can't auto-port bare `invoke()` / `invoke_signed()` calls:
    //   - Pinocchio uses pinocchio::cpi::* with different ownership semantics
    //   - Native uses solana_program::program::invoke and `.key` as a struct field
    // Original (raw) source preserved below for manual reference:
    // invoke(
    //             &ix,
    //             &[
    //                 ctx.accounts.from.to_account_info(),
    //                 ctx.accounts.to.to_account_info(),
    //                 ctx.accounts.system_program.to_account_info(),
    //             ],
    //         )
    let _ = (program_id, accounts, data);
    unimplemented!("Anvil: cpi_custom to 'unknown' in 'raw_transfer' — manual port required for Pinocchio");
}

=== lib.rs ===
//! CpiCustom — generated by Anvil v0.3.0
//! Source framework: Anchor → Target: Pinocchio
//!
//! This code was automatically generated. Sections marked with
//! "⚠️ Anvil: Review" should be verified before deployment.
#![deny(clippy::all)]
#![allow(unexpected_cfgs, dead_code, deprecated, unused_imports)]

use core::convert::TryInto;
use borsh::{BorshDeserialize, BorshSerialize};
use pinocchio::{
    account_info::AccountInfo,
    entrypoint,
    program_error::ProgramError,
    pubkey::Pubkey,
    ProgramResult,
};



mod instructions;

mod helpers;

use instructions::*;

use helpers::*;

entrypoint!(process_instruction);

pub fn process_instruction(
    program_id: &Pubkey,
    accounts: &[AccountInfo],
    instruction_data: &[u8],
) -> ProgramResult {
    if instruction_data.len() < 8 {
        return Err(ProgramError::InvalidInstructionData);
    }

    let (discriminator, data) = instruction_data.split_at(8);
    router(program_id, accounts, discriminator, data)
}

fn router(
    program_id: &Pubkey,
    accounts: &[AccountInfo],
    discriminator: &[u8],
    data: &[u8],
) -> ProgramResult {
    match discriminator {
        [249, 110, 36, 159, 241, 70, 236, 18] => raw_transfer(program_id, accounts, data),
        _ => Err(ProgramError::InvalidInstructionData),
    }
}