=== errors.rs ===
//! Error definitions for InitIfNeededDemo

use super::*;

#[derive(Clone, Copy, Debug, PartialEq)]
#[repr(u32)]
pub enum VisitError {
    /// Visit count overflow
    Overflow = 6000,
}

pub use VisitError::*;

impl From<VisitError> for ProgramError {
    fn from(error: VisitError) -> Self {
        ProgramError::Custom(error as u32)
    }
}

=== helpers.rs ===
//! Helper functions for InitIfNeededDemo

use super::*;
use crate::state::*;
use crate::errors::*;

pub fn bump_seed(
    program_id: &Pubkey,
    seeds: &[&[u8]],
    expected: &Pubkey,
) -> Result<u8, ProgramError> {
    for bump in (0..=255u8).rev() {
        let mut seeds_with_bump: [&[u8]; 16] = [&[]; 16];
        let len = seeds.len().min(15);
        seeds_with_bump[..len].copy_from_slice(&seeds[..len]);
        let bump_slice = &[bump];
        seeds_with_bump[len] = bump_slice;
        if let Ok(derived) = pinocchio::pubkey::create_program_address(&seeds_with_bump[..len + 1], program_id) {
            if &derived == expected {
                return Ok(bump);
            }
        }
    }
    Err(ProgramError::InvalidSeeds)
}

pub fn create_program_account(
    account: &AccountInfo,
    payer: &AccountInfo,
    space: usize,
    program_id: &Pubkey,
    signer_seeds: &[&[&[u8]]],
) -> ProgramResult {
    if signer_seeds.len() > 1 {
        return Err(ProgramError::InvalidSeeds);
    }

    let signer_storage = signer_seeds.first().map(|seed_group| {
        let mut seeds: [Seed<'_>; 8] = core::array::from_fn(|_| Seed::from(&[][..]));
        for (index, seed) in seed_group.iter().enumerate() {
            if index >= seeds.len() {
                return Err(ProgramError::InvalidSeeds);
            }
            seeds[index] = Seed::from(*seed);
        }
        Ok((seeds, seed_group.len()))
    }).transpose()?;

    let signer_slice = if let Some((ref seeds, len)) = signer_storage {
        let signer = Signer::from(&seeds[..len]);
        create_account_with_minimum_balance_signed(account, space, program_id, payer, None, &[signer])
    } else {
        create_account_with_minimum_balance_signed(account, space, program_id, payer, None, &[])
    };

    signer_slice
}

=== instructions/mod.rs ===
//! Instruction processors for InitIfNeededDemo

use crate::*;
use crate::state::*;
use crate::errors::*;
use crate::helpers::*;

pub mod visit;
pub use visit::visit;


=== instructions/visit.rs ===
use super::*;
use crate::errors::*;

pub fn visit(
    program_id: &Pubkey,
    accounts: &[AccountInfo],
    data: &[u8],
) -> ProgramResult {
    if accounts.len() < 3 {
        return Err(ProgramError::NotEnoughAccountKeys);
    }

    let profile = &accounts[0];
    let user = &accounts[1];
    let _system_program = &accounts[2];

    if !user.is_signer() {
        return Err(ProgramError::MissingRequiredSignature);
    }
    if !profile.is_writable() || !user.is_writable() {
        return Err(ProgramError::InvalidAccountData);
    }

    if !data.is_empty() {
        return Err(ProgramError::InvalidInstructionData);
    }

    let bump_profile = bump_seed(program_id, &[b"profile", user.key().as_ref()], profile.key())?;
    // init_if_needed: only allocate when the account is empty.
    if profile.data_is_empty() {
        let init_profile_seeds: &[&[u8]] = &[
                b"profile",
                user.key().as_ref(),
                &[bump_profile],
            ];
        let init_profile_signer_seeds = &[&init_profile_seeds[..]];
        create_program_account(profile, user, (8 + VisitProfile::INIT_SPACE) as usize, program_id, init_profile_signer_seeds)?;
        {
            let mut __init_data = unsafe { profile.borrow_mut_data_unchecked() };
            __init_data[..8].copy_from_slice(&VisitProfile::DISCRIMINATOR);
        }
    }
    let clock = pinocchio::sysvars::clock::Clock::get()?;
    let profile_account = profile;
    let mut profile = match VisitProfile::from_account_info(profile_account) {
        Ok(__existing) => __existing,
        Err(_) => VisitProfile {
            user: [0u8; 32],
            visit_count: 0,
            last_visit_ts: 0,
        },
    };
    profile.user = *user.key();
    profile.visit_count = profile.visit_count.checked_add(1).ok_or(VisitError::Overflow)?;
    profile.last_visit_ts = clock.unix_timestamp;
    VisitProfile::save(profile_account, &profile)?;
    Ok(())

}

=== lib.rs ===
//! InitIfNeededDemo — generated by Anvil v0.3.0
//! Source framework: Anchor → Target: Pinocchio
//!
//! This code was automatically generated. Sections marked with
//! "⚠️ Anvil: Review" should be verified before deployment.
#![deny(clippy::all)]
#![allow(unexpected_cfgs, dead_code, deprecated, unused_imports)]

use core::convert::TryInto;
use borsh::{BorshDeserialize, BorshSerialize};
use pinocchio::{
    account_info::AccountInfo,
    entrypoint,
    program_error::ProgramError,
    pubkey::Pubkey,
    ProgramResult,
};
use pinocchio::instruction::{Seed, Signer};
use pinocchio_system::create_account_with_minimum_balance_signed;
use pinocchio::sysvars::clock::Clock;
use pinocchio::sysvars::Sysvar;

mod state;

mod instructions;

mod errors;

mod helpers;

use instructions::*;

pub use errors::*;

entrypoint!(process_instruction);

pub fn process_instruction(
    program_id: &Pubkey,
    accounts: &[AccountInfo],
    instruction_data: &[u8],
) -> ProgramResult {
    if instruction_data.len() < 8 {
        return Err(ProgramError::InvalidInstructionData);
    }

    let (discriminator, data) = instruction_data.split_at(8);
    router(program_id, accounts, discriminator, data)
}

fn router(
    program_id: &Pubkey,
    accounts: &[AccountInfo],
    discriminator: &[u8],
    data: &[u8],
) -> ProgramResult {
    match discriminator {
        [255, 207, 102, 71, 80, 6, 133, 112] => visit(program_id, accounts, data),
        _ => Err(ProgramError::InvalidInstructionData),
    }
}

=== state.rs ===
//! State account definitions for InitIfNeededDemo

//! Generated by Anvil v0.3.0 — Target: Pinocchio


use super::*;

use crate::errors::*;

#[repr(C)]
pub struct VisitProfile {
    pub user: [u8; 32],
    pub visit_count: u64,
    pub last_visit_ts: i64,
}

impl VisitProfile {
    pub const DISCRIMINATOR: [u8; 8] = [14, 4, 235, 248, 18, 81, 215, 91];
    pub const INIT_SPACE: usize = 48;
    pub const LEN: usize = 48;
    pub const TOTAL_LEN: usize = 8 + Self::LEN;
    pub const SPACE: usize = Self::TOTAL_LEN;
    pub const SIZE: usize = Self::TOTAL_LEN;

    pub fn read(data: &[u8]) -> Result<Self, ProgramError> {
        if data.len() < Self::TOTAL_LEN {
            return Err(ProgramError::InvalidAccountData);
        }
        if data[..8] != Self::DISCRIMINATOR {
            return Err(ProgramError::InvalidAccountData);
        }
        let mut offset = 8usize;
        let user: [u8; 32] = data[offset..offset + 32].try_into().map_err(|_| ProgramError::InvalidAccountData)?;
        offset += 32;
        let visit_count: u64 = u64::from_le_bytes(
            data[offset..offset + 8].try_into().map_err(|_| ProgramError::InvalidAccountData)?
        );
        offset += 8;
        let last_visit_ts: i64 = i64::from_le_bytes(
            data[offset..offset + 8].try_into().map_err(|_| ProgramError::InvalidAccountData)?
        );
        Ok(Self { user, visit_count, last_visit_ts })
    }

    pub fn write(data: &mut [u8], value: &Self) -> ProgramResult {
        if data.len() < Self::TOTAL_LEN {
            return Err(ProgramError::InvalidAccountData);
        }
        data[..8].copy_from_slice(&Self::DISCRIMINATOR);
        let mut offset = 8usize;
        data[offset..offset + 32].copy_from_slice(&value.user);
        offset += 32;
        data[offset..offset + 8].copy_from_slice(&value.visit_count.to_le_bytes());
        offset += 8;
        data[offset..offset + 8].copy_from_slice(&value.last_visit_ts.to_le_bytes());
        Ok(())
    }

    pub fn from_account_info(account: &AccountInfo) -> Result<Self, ProgramError> {
        let data = unsafe { account.borrow_data_unchecked() };
        Self::read(&data)
    }

    pub fn save(account: &AccountInfo, value: &Self) -> ProgramResult {
        let mut data = unsafe { account.borrow_mut_data_unchecked() };
        Self::write(&mut data, value)
    }
}