=== errors.rs ===
//! Error definitions for ProgramConfigDemo

use super::*;

#[derive(Clone, Copy, Debug, PartialEq)]
#[repr(u32)]
pub enum ConfigError {
    /// Caller is not the configured authority
    Unauthorized = 6000,
    /// New authority cannot be the default pubkey
    InvalidAuthority = 6001,
    /// Treasury cannot be the default pubkey
    InvalidTreasury = 6002,
    /// Fee exceeds maximum allowed (10 SOL)
    FeeTooHigh = 6003,
}

pub use ConfigError::*;

impl From<ConfigError> for ProgramError {
    fn from(error: ConfigError) -> Self {
        ProgramError::Custom(error as u32)
    }
}

impl std::fmt::Display for ConfigError {
    fn fmt(&self, f: &mut std::fmt::Formatter) -> std::fmt::Result {
        write!(f, "{:?}", self)
    }
}

impl std::error::Error for ConfigError {}

=== helpers.rs ===
//! Helper functions for ProgramConfigDemo

use super::*;
use crate::state::*;
use crate::errors::*;

pub fn create_program_account<'a>(
    account: &AccountInfo<'a>,
    payer: &AccountInfo<'a>,
    space: u64,
    program_id: &Pubkey,
    signer_seeds: &[&[&[u8]]],
) -> ProgramResult {
    let rent = solana_program::sysvar::rent::Rent::get()?;
    let lamports = rent.minimum_balance(space as usize);
    let create_ix = system_instruction::create_account(
        payer.key,
        account.key,
        lamports,
        space,
        program_id,
    );
    invoke_signed(
        &create_ix,
        &[payer.clone(), account.clone()],
        signer_seeds,
    )?;
    Ok(())
}

=== instructions/initialize.rs ===
use super::*;
use crate::errors::*;

pub fn initialize(
    program_id: &Pubkey,
    accounts: &[AccountInfo],
    data: &[u8],
) -> ProgramResult {
    if accounts.len() < 3 {
        return Err(ProgramError::NotEnoughAccountKeys);
    }
    // Capture instruction data before account bindings; an account named
    // "data" would otherwise shadow the parameter and break arg parsing.
    let __ix_data: &[u8] = data;

    let config = &accounts[0];
    let authority = &accounts[1];
    let _system_program = &accounts[2];

    if !authority.is_signer {
        return Err(ProgramError::MissingRequiredSignature);
    }
    if !authority.is_writable {
        return Err(ProgramError::InvalidAccountData);
    }

    // Args
    let mut remaining: &[u8] = __ix_data;
    if remaining.len() < 32 {
        return Err(ProgramError::InvalidInstructionData);
    }
    let (arg_bytes, rest) = remaining.split_at(32);
    remaining = rest;
    let treasury: Pubkey = Pubkey::new_from_array(arg_bytes.try_into().map_err(|_| ProgramError::InvalidInstructionData)?);
    if remaining.len() < 8 {
        return Err(ProgramError::InvalidInstructionData);
    }
    let (arg_bytes, rest) = remaining.split_at(8);
    remaining = rest;
    let creation_fee: u64 = u64::from_le_bytes(
        arg_bytes.try_into().map_err(|_| ProgramError::InvalidInstructionData)?
    );
    if !remaining.is_empty() {
        return Err(ProgramError::InvalidInstructionData);
    }

    let (expected_key, bump_config) = Pubkey::find_program_address(&[b"program-config"], program_id);
    if expected_key != *config.key {
        return Err(ProgramError::InvalidSeeds);
    }
    let init_config_seeds: &[&[u8]] = &[
            b"program-config",
            &[bump_config],
        ];
    let init_config_signer_seeds = &[&init_config_seeds[..]];
    create_program_account(config, authority, (8 + ProgramConfig::INIT_SPACE) as u64, program_id, init_config_signer_seeds)?;
    {
        let mut __init_data = config.data.borrow_mut();
        __init_data[..8].copy_from_slice(&ProgramConfig::DISCRIMINATOR);
    }
    let config_account = config;
    let mut config = ProgramConfig { authority: Pubkey::default(), treasury: Pubkey::default(), creation_fee: 0, paused: false, bump: 0 };
    config.authority = *authority.key;
    config.treasury = treasury;
    config.creation_fee = creation_fee;
    config.paused = false;
    config.bump = bump_config;
    ProgramConfig::write(&mut config_account.data.borrow_mut(), &config)?;
    Ok(())

}

=== instructions/mod.rs ===
//! Instruction processors for ProgramConfigDemo

use crate::*;
use crate::state::*;
use crate::errors::*;
use crate::helpers::*;

pub mod initialize;
pub use initialize::initialize;
pub mod set_authority;
pub use set_authority::set_authority;
pub mod set_creation_fee;
pub use set_creation_fee::set_creation_fee;
pub mod set_treasury;
pub use set_treasury::set_treasury;
pub mod set_paused;
pub use set_paused::set_paused;


=== instructions/set_authority.rs ===
use super::*;
use crate::errors::*;

pub fn set_authority(
    program_id: &Pubkey,
    accounts: &[AccountInfo],
    data: &[u8],
) -> ProgramResult {
    if accounts.len() < 2 {
        return Err(ProgramError::NotEnoughAccountKeys);
    }
    // Capture instruction data before account bindings; an account named
    // "data" would otherwise shadow the parameter and break arg parsing.
    let __ix_data: &[u8] = data;

    let config = &accounts[0];
    let authority = &accounts[1];

    if !authority.is_signer {
        return Err(ProgramError::MissingRequiredSignature);
    }
    if config.owner != program_id {
        return Err(ProgramError::IncorrectProgramId);
    }

    // Args
    let mut remaining: &[u8] = __ix_data;
    if remaining.len() < 32 {
        return Err(ProgramError::InvalidInstructionData);
    }
    let (arg_bytes, rest) = remaining.split_at(32);
    remaining = rest;
    let new_authority: Pubkey = Pubkey::new_from_array(arg_bytes.try_into().map_err(|_| ProgramError::InvalidInstructionData)?);
    if !remaining.is_empty() {
        return Err(ProgramError::InvalidInstructionData);
    }

    let (expected_key, _bump_config) = Pubkey::find_program_address(&[b"program-config"], program_id);
    if expected_key != *config.key {
        return Err(ProgramError::InvalidSeeds);
    }
    if !(new_authority != Pubkey::default()) {
        return Err(ConfigError::InvalidAuthority.into());
    }
    let config_account = config;
    let mut config = ProgramConfig::read(&config_account.data.borrow())?;
    if config.authority != *authority.key {
        return Err(ProgramError::InvalidAccountData);
    }
    config.authority = new_authority;
    ProgramConfig::write(&mut config_account.data.borrow_mut(), &config)?;
    Ok(())

}

=== instructions/set_creation_fee.rs ===
use super::*;
use crate::errors::*;

pub fn set_creation_fee(
    program_id: &Pubkey,
    accounts: &[AccountInfo],
    data: &[u8],
) -> ProgramResult {
    if accounts.len() < 2 {
        return Err(ProgramError::NotEnoughAccountKeys);
    }
    // Capture instruction data before account bindings; an account named
    // "data" would otherwise shadow the parameter and break arg parsing.
    let __ix_data: &[u8] = data;

    let config = &accounts[0];
    let authority = &accounts[1];

    if !authority.is_signer {
        return Err(ProgramError::MissingRequiredSignature);
    }
    if config.owner != program_id {
        return Err(ProgramError::IncorrectProgramId);
    }

    // Args
    let mut remaining: &[u8] = __ix_data;
    if remaining.len() < 8 {
        return Err(ProgramError::InvalidInstructionData);
    }
    let (arg_bytes, rest) = remaining.split_at(8);
    remaining = rest;
    let fee: u64 = u64::from_le_bytes(
        arg_bytes.try_into().map_err(|_| ProgramError::InvalidInstructionData)?
    );
    if !remaining.is_empty() {
        return Err(ProgramError::InvalidInstructionData);
    }

    let (expected_key, _bump_config) = Pubkey::find_program_address(&[b"program-config"], program_id);
    if expected_key != *config.key {
        return Err(ProgramError::InvalidSeeds);
    }
    if !(fee <= 10_000_000_000) {
        return Err(ConfigError::FeeTooHigh.into());
    }
    let config_account = config;
    let mut config = ProgramConfig::read(&config_account.data.borrow())?;
    if config.authority != *authority.key {
        return Err(ProgramError::InvalidAccountData);
    }
    config.creation_fee = fee;
    ProgramConfig::write(&mut config_account.data.borrow_mut(), &config)?;
    Ok(())

}

=== instructions/set_paused.rs ===
use super::*;
use crate::errors::*;

pub fn set_paused(
    program_id: &Pubkey,
    accounts: &[AccountInfo],
    data: &[u8],
) -> ProgramResult {
    if accounts.len() < 2 {
        return Err(ProgramError::NotEnoughAccountKeys);
    }
    // Capture instruction data before account bindings; an account named
    // "data" would otherwise shadow the parameter and break arg parsing.
    let __ix_data: &[u8] = data;

    let config = &accounts[0];
    let authority = &accounts[1];

    if !authority.is_signer {
        return Err(ProgramError::MissingRequiredSignature);
    }
    if config.owner != program_id {
        return Err(ProgramError::IncorrectProgramId);
    }

    // Args
    let mut remaining: &[u8] = __ix_data;
    if remaining.len() < 1 {
        return Err(ProgramError::InvalidInstructionData);
    }
    let (arg_bytes, rest) = remaining.split_at(1);
    remaining = rest;
    let paused: bool = match arg_bytes[0] {
        0 => false,
        1 => true,
        _ => return Err(ProgramError::InvalidInstructionData),
    };
    if !remaining.is_empty() {
        return Err(ProgramError::InvalidInstructionData);
    }

    let (expected_key, _bump_config) = Pubkey::find_program_address(&[b"program-config"], program_id);
    if expected_key != *config.key {
        return Err(ProgramError::InvalidSeeds);
    }
    let config_account = config;
    let mut config = ProgramConfig::read(&config_account.data.borrow())?;
    if config.authority != *authority.key {
        return Err(ProgramError::InvalidAccountData);
    }
    config.paused = paused;
    ProgramConfig::write(&mut config_account.data.borrow_mut(), &config)?;
    Ok(())

}

=== instructions/set_treasury.rs ===
use super::*;
use crate::errors::*;

pub fn set_treasury(
    program_id: &Pubkey,
    accounts: &[AccountInfo],
    data: &[u8],
) -> ProgramResult {
    if accounts.len() < 2 {
        return Err(ProgramError::NotEnoughAccountKeys);
    }
    // Capture instruction data before account bindings; an account named
    // "data" would otherwise shadow the parameter and break arg parsing.
    let __ix_data: &[u8] = data;

    let config = &accounts[0];
    let authority = &accounts[1];

    if !authority.is_signer {
        return Err(ProgramError::MissingRequiredSignature);
    }
    if config.owner != program_id {
        return Err(ProgramError::IncorrectProgramId);
    }

    // Args
    let mut remaining: &[u8] = __ix_data;
    if remaining.len() < 32 {
        return Err(ProgramError::InvalidInstructionData);
    }
    let (arg_bytes, rest) = remaining.split_at(32);
    remaining = rest;
    let treasury: Pubkey = Pubkey::new_from_array(arg_bytes.try_into().map_err(|_| ProgramError::InvalidInstructionData)?);
    if !remaining.is_empty() {
        return Err(ProgramError::InvalidInstructionData);
    }

    let (expected_key, _bump_config) = Pubkey::find_program_address(&[b"program-config"], program_id);
    if expected_key != *config.key {
        return Err(ProgramError::InvalidSeeds);
    }
    if !(treasury != Pubkey::default()) {
        return Err(ConfigError::InvalidTreasury.into());
    }
    let config_account = config;
    let mut config = ProgramConfig::read(&config_account.data.borrow())?;
    if config.authority != *authority.key {
        return Err(ProgramError::InvalidAccountData);
    }
    config.treasury = treasury;
    ProgramConfig::write(&mut config_account.data.borrow_mut(), &config)?;
    Ok(())

}

=== lib.rs ===
//! ProgramConfigDemo — generated by Anvil v0.3.0
//! Source framework: Anchor → Target: Native
//!
//! This code was automatically generated. Sections marked with
//! "⚠️ Anvil: Review" should be verified before deployment.
#![deny(clippy::all)]
#![allow(unexpected_cfgs, dead_code, deprecated, unused_imports)]

use borsh::{BorshDeserialize, BorshSerialize};
use solana_program::{
    account_info::AccountInfo,
    entrypoint,
    entrypoint::ProgramResult,
    program::invoke_signed,
    program_error::ProgramError,
    pubkey::Pubkey,
    system_instruction,
    sysvar::Sysvar,
};

// G19 — Anchor's declare_id!() expands to these two items at crate root.
// Carried code may reference `crate::ID` or `crate::id()` for ownership
// checks and PDA derivations — stub them so emit stays compilable.
pub const ID: Pubkey = Pubkey::new_from_array([5, 218, 242, 77, 184, 35, 15, 198, 183, 72, 216, 197, 21, 148, 195, 183, 71, 222, 84, 188, 135, 103, 73, 56, 163, 11, 149, 96, 0, 0, 0, 0]);
pub fn id() -> Pubkey { ID }



mod state;

mod instructions;

mod errors;

mod helpers;

use instructions::*;

pub use errors::*;

use state::*;

use helpers::*;

entrypoint!(process_instruction);

pub fn process_instruction(
    program_id: &Pubkey,
    accounts: &[AccountInfo],
    instruction_data: &[u8],
) -> ProgramResult {
    if instruction_data.len() < 8 {
        return Err(ProgramError::InvalidInstructionData);
    }

    let (discriminator, data) = instruction_data.split_at(8);
    router(program_id, accounts, discriminator, data)
}

fn router(
    program_id: &Pubkey,
    accounts: &[AccountInfo],
    discriminator: &[u8],
    data: &[u8],
) -> ProgramResult {
    match discriminator {
        [175, 175, 109, 31, 13, 152, 155, 237] => initialize(program_id, accounts, data),
        [133, 250, 37, 21, 110, 163, 26, 121] => set_authority(program_id, accounts, data),
        [30, 100, 118, 0, 113, 56, 97, 70] => set_creation_fee(program_id, accounts, data),
        [57, 97, 196, 95, 195, 206, 106, 136] => set_treasury(program_id, accounts, data),
        [91, 60, 125, 192, 176, 225, 166, 218] => set_paused(program_id, accounts, data),
        _ => Err(ProgramError::InvalidInstructionData),
    }
}

=== state.rs ===
//! State account definitions for ProgramConfigDemo

//! Generated by Anvil v0.3.0 — Target: Native


use super::*;

use crate::errors::*;

#[repr(C)]
pub struct ProgramConfig {
    pub authority: Pubkey,
    pub treasury: Pubkey,
    pub creation_fee: u64,
    pub paused: bool,
    pub bump: u8,
}

impl ProgramConfig {
    pub const DISCRIMINATOR: [u8; 8] = [196, 210, 90, 231, 144, 149, 140, 63];
    pub const INIT_SPACE: usize = 74;
    pub const LEN: usize = 74;
    pub const TOTAL_LEN: usize = 8 + Self::LEN;
    pub const SPACE: usize = Self::TOTAL_LEN;
    pub const SIZE: usize = Self::TOTAL_LEN;

    pub fn read(data: &[u8]) -> Result<Self, ProgramError> {
        if data.len() < Self::TOTAL_LEN {
            return Err(ProgramError::InvalidAccountData);
        }
        if data[..8] != Self::DISCRIMINATOR {
            return Err(ProgramError::InvalidAccountData);
        }
        // Alias to dodge field-name shadowing — a field named `data` would
        // shadow the parameter and break subsequent field reads.
        let __data_buf: &[u8] = data;
        let mut offset = 8usize;
        let authority: Pubkey = Pubkey::new_from_array(
            data[offset..offset + 32]
                .try_into()
                .map_err(|_| ProgramError::InvalidAccountData)?
        );
        offset += 32;
        let treasury: Pubkey = Pubkey::new_from_array(
            data[offset..offset + 32]
                .try_into()
                .map_err(|_| ProgramError::InvalidAccountData)?
        );
        offset += 32;
        let creation_fee: u64 = u64::from_le_bytes(
            __data_buf[offset..offset + 8].try_into().map_err(|_| ProgramError::InvalidAccountData)?
        );
        offset += 8;
        let paused: bool = match __data_buf[offset] {
            0 => false,
            1 => true,
            _ => return Err(ProgramError::InvalidAccountData),
        };
        offset += 1;
        let bump: u8 = __data_buf[offset];
        Ok(Self { authority, treasury, creation_fee, paused, bump })
    }

    pub fn write(data: &mut [u8], value: &Self) -> ProgramResult {
        if data.len() < Self::TOTAL_LEN {
            return Err(ProgramError::InvalidAccountData);
        }
        data[..8].copy_from_slice(&Self::DISCRIMINATOR);
        let __data_buf: &mut [u8] = data;
        let mut offset = 8usize;
        __data_buf[offset..offset + 32].copy_from_slice(&value.authority.as_ref());
        offset += 32;
        __data_buf[offset..offset + 32].copy_from_slice(&value.treasury.as_ref());
        offset += 32;
        __data_buf[offset..offset + 8].copy_from_slice(&value.creation_fee.to_le_bytes());
        offset += 8;
        __data_buf[offset] = if value.paused { 1 } else { 0 };
        offset += 1;
        __data_buf[offset] = value.bump as u8;
        Ok(())
    }

    /// Borsh-style convenience wrapper: borrow the account's data buffer
    /// and write the value into it. Mirrors Pinocchio's save() so the same
    /// emitter call site (`Type::save(account, &value)`) works on both.
    pub fn save(account: &AccountInfo, value: &Self) -> ProgramResult {
        let mut data = account.try_borrow_mut_data()?;
        Self::write(&mut data, value)
    }

    /// Mirror of Pinocchio's from_account_info — the body emitter calls
    /// `<Type>::from_account_info(account)?` cross-target, so Native
    /// must expose the same signature even though it could equivalently
    /// borrow + read inline. Without this, programs whose handlers don't
    /// directly call `::read(...)` (most non-trivial Anchor sources)
    /// fail Native cargo build with E0599 'no associated item named
    /// from_account_info'.
    pub fn from_account_info(account: &AccountInfo) -> Result<Self, ProgramError> {
        let data = account.try_borrow_data()?;
        Self::read(&data)
    }
}