=== instructions/mod.rs ===
//! Instruction processors for SolanaProgramInvokePattern

use crate::*;

pub mod raw_invoke;
pub use raw_invoke::raw_invoke;


=== instructions/raw_invoke.rs ===
use super::*;

pub fn raw_invoke(
    program_id: &Pubkey,
    accounts: &[AccountInfo],
    data: &[u8],
) -> ProgramResult {
    if accounts.len() < 3 {
        return Err(ProgramError::NotEnoughAccountKeys);
    }

    let target_account = &accounts[0];
    let authority = &accounts[1];
    let target_program = &accounts[2];

    if !authority.is_signer {
        return Err(ProgramError::MissingRequiredSignature);
    }
    if !target_account.is_writable {
        return Err(ProgramError::InvalidAccountData);
    }

    // Args
    let mut remaining = data;
    let payload: Vec<u8> = BorshDeserialize::deserialize(&mut remaining)
        .map_err(|_| ProgramError::InvalidInstructionData)?;
    if !remaining.is_empty() {
        return Err(ProgramError::InvalidInstructionData);
    }

    let ix = Instruction {
            program_id: *target_program.key,
            accounts: vec![
                AccountMeta::new(*target_account.key, false),
                AccountMeta::new_readonly(*authority.key, true),
            ],
            data: payload,
        };
    solana_program::program::invoke(
            &ix,
            &[
                target_account,
                authority,
                target_program,
            ],
        )?;
    Ok(())

}

=== lib.rs ===
//! SolanaProgramInvokePattern — generated by Anvil v0.3.0
//! Source framework: Anchor → Target: Native
//!
//! This code was automatically generated. Sections marked with
//! "⚠️ Anvil: Review" should be verified before deployment.
#![deny(clippy::all)]
#![allow(unexpected_cfgs, dead_code, deprecated, unused_imports)]

use borsh::{BorshDeserialize, BorshSerialize};
use solana_program::{
    account_info::AccountInfo,
    entrypoint,
    entrypoint::ProgramResult,
    program_error::ProgramError,
    pubkey::Pubkey,
    sysvar::Sysvar,
};
use solana_program::instruction::{Instruction, AccountMeta};
use solana_program::instruction::{AccountMeta, Instruction};

mod instructions;

use instructions::*;

entrypoint!(process_instruction);

pub fn process_instruction(
    program_id: &Pubkey,
    accounts: &[AccountInfo],
    instruction_data: &[u8],
) -> ProgramResult {
    if instruction_data.len() < 8 {
        return Err(ProgramError::InvalidInstructionData);
    }

    let (discriminator, data) = instruction_data.split_at(8);
    router(program_id, accounts, discriminator, data)
}

fn router(
    program_id: &Pubkey,
    accounts: &[AccountInfo],
    discriminator: &[u8],
    data: &[u8],
) -> ProgramResult {
    match discriminator {
        [254, 42, 89, 187, 238, 223, 141, 114] => raw_invoke(program_id, accounts, data),
        _ => Err(ProgramError::InvalidInstructionData),
    }
}