=== instructions/change_owner.rs ===
use super::*;
use solana_program::program::invoke;

pub fn change_owner(
    program_id: &Pubkey,
    accounts: &[AccountInfo],
    data: &[u8],
) -> ProgramResult {
    if accounts.len() < 3 {
        return Err(ProgramError::NotEnoughAccountKeys);
    }
    // Capture instruction data before account bindings; an account named
    // "data" would otherwise shadow the parameter and break arg parsing.
    let __ix_data: &[u8] = data;

    let token_account = &accounts[0];
    let current_owner = &accounts[1];
    let token_program = &accounts[2];

    if !current_owner.is_signer {
        return Err(ProgramError::MissingRequiredSignature);
    }
    if !token_account.is_writable {
        return Err(ProgramError::InvalidAccountData);
    }
    if *token_account.owner != Pubkey::new_from_array([6, 221, 246, 225, 215, 101, 161, 147, 217, 203, 225, 70, 206, 235, 121, 172, 28, 180, 133, 237, 95, 91, 55, 145, 58, 140, 245, 133, 126, 255, 0, 169]) {
        return Err(ProgramError::IncorrectProgramId);
    }
    if *token_program.key != Pubkey::new_from_array([6, 221, 246, 225, 215, 101, 161, 147, 217, 203, 225, 70, 206, 235, 121, 172, 28, 180, 133, 237, 95, 91, 55, 145, 58, 140, 245, 133, 126, 255, 0, 169]) {
        return Err(ProgramError::IncorrectProgramId);
    }

    // Args
    let mut remaining: &[u8] = __ix_data;
    if remaining.len() < 32 {
        return Err(ProgramError::InvalidInstructionData);
    }
    let (arg_bytes, rest) = remaining.split_at(32);
    remaining = rest;
    let new_owner: Pubkey = Pubkey::new_from_array(arg_bytes.try_into().map_err(|_| ProgramError::InvalidInstructionData)?);
    if !remaining.is_empty() {
        return Err(ProgramError::InvalidInstructionData);
    }

    // SPL Token set authority — token_account
    let set_authority_ix = spl_token::instruction::set_authority(
        token_program.key,
        token_account.key,
        match &Some(new_owner) { Some(pk) => Some(pk), None => None },
        spl_token::instruction::AuthorityType::AccountOwner,
        current_owner.key,
        &[],
    )?;
    invoke(
        &set_authority_ix,
        &[token_account.clone(), current_owner.clone()],
    )?;
    Ok(())

}

=== instructions/mod.rs ===
//! Instruction processors for SetAuthorityDemo

use crate::*;

pub mod change_owner;
pub use change_owner::change_owner;


=== lib.rs ===
//! SetAuthorityDemo — generated by Anvil v0.4.0
//! Source framework: Anchor → Target: Native
//!
//! This code was automatically generated. Sections marked with
//! "⚠️ Anvil: Review" should be verified before deployment.
#![deny(clippy::all)]
#![allow(unexpected_cfgs, dead_code, deprecated, unused_imports)]

use borsh::{BorshDeserialize, BorshSerialize};
use solana_program::{
    account_info::AccountInfo,
    entrypoint,
    entrypoint::ProgramResult,
    program_error::ProgramError,
    pubkey::Pubkey,
    sysvar::Sysvar,
};

// G19 — Anchor's declare_id!() expands to these two items at crate root.
// Carried code may reference `crate::ID` or `crate::id()` for ownership
// checks and PDA derivations — stub them so emit stays compilable.
pub const ID: Pubkey = Pubkey::new_from_array([20, 196, 101, 96, 68, 103, 30, 234, 199, 11, 32, 95, 224, 87, 147, 137, 75, 45, 103, 136, 7, 224, 255, 87, 35, 34, 76, 28, 129, 172, 220, 111]);
pub fn id() -> Pubkey { ID }



mod instructions;

use instructions::*;

entrypoint!(process_instruction);

pub fn process_instruction(
    program_id: &Pubkey,
    accounts: &[AccountInfo],
    instruction_data: &[u8],
) -> ProgramResult {
    if instruction_data.len() < 8 {
        return Err(ProgramError::InvalidInstructionData);
    }

    let (discriminator, data) = instruction_data.split_at(8);
    router(program_id, accounts, discriminator, data)
}

fn router(
    program_id: &Pubkey,
    accounts: &[AccountInfo],
    discriminator: &[u8],
    data: &[u8],
) -> ProgramResult {
    match discriminator {
        [109, 40, 40, 90, 224, 120, 193, 184] => change_owner(program_id, accounts, data),
        _ => Err(ProgramError::InvalidInstructionData),
    }
}