=== helpers.rs ===
//! Helper functions for SplTransfer

use super::*;

pub fn spl_token_transfer<'a>(
    from: &AccountInfo<'a>,
    to: &AccountInfo<'a>,
    authority: &AccountInfo<'a>,
    amount: u64,
) -> ProgramResult {
    let transfer_ix = spl_token::instruction::transfer(
        &spl_token::id(),
        from.key,
        to.key,
        authority.key,
        &[],
        amount,
    )?;
    invoke(
        &transfer_ix,
        &[from.clone(), to.clone(), authority.clone()],
    )?;
    Ok(())
}

pub fn spl_token_transfer_signed<'a>(
    from: &AccountInfo<'a>,
    to: &AccountInfo<'a>,
    authority: &AccountInfo<'a>,
    amount: u64,
    signer_seeds: &[&[&[u8]]],
) -> ProgramResult {
    let transfer_ix = spl_token::instruction::transfer(
        &spl_token::id(),
        from.key,
        to.key,
        authority.key,
        &[],
        amount,
    )?;
    invoke_signed(
        &transfer_ix,
        &[from.clone(), to.clone(), authority.clone()],
        signer_seeds,
    )?;
    Ok(())
}

=== instructions/do_transfer.rs ===
use super::*;
use solana_program::program::invoke;

pub fn do_transfer(
    program_id: &Pubkey,
    accounts: &[AccountInfo],
    data: &[u8],
) -> ProgramResult {
    if accounts.len() < 4 {
        return Err(ProgramError::NotEnoughAccountKeys);
    }
    // Capture instruction data before account bindings; an account named
    // "data" would otherwise shadow the parameter and break arg parsing.
    let __ix_data: &[u8] = data;

    let from = &accounts[0];
    let to = &accounts[1];
    let authority = &accounts[2];
    let token_program = &accounts[3];

    if !authority.is_signer {
        return Err(ProgramError::MissingRequiredSignature);
    }
    if !from.is_writable || !to.is_writable {
        return Err(ProgramError::InvalidAccountData);
    }
    if *token_program.key != Pubkey::new_from_array([6, 221, 246, 225, 215, 101, 161, 147, 217, 203, 225, 70, 206, 235, 121, 172, 28, 180, 133, 237, 95, 91, 55, 145, 58, 140, 245, 133, 126, 255, 0, 169]) {
        return Err(ProgramError::IncorrectProgramId);
    }

    // Args
    let mut remaining: &[u8] = __ix_data;
    if remaining.len() < 8 {
        return Err(ProgramError::InvalidInstructionData);
    }
    let (arg_bytes, rest) = remaining.split_at(8);
    remaining = rest;
    let amount: u64 = u64::from_le_bytes(
        arg_bytes.try_into().map_err(|_| ProgramError::InvalidInstructionData)?
    );
    if !remaining.is_empty() {
        return Err(ProgramError::InvalidInstructionData);
    }

    // SPL Token transfer — from → to
    let transfer_ix = spl_token::instruction::transfer(
        &spl_token::id(),
        from.key,
        to.key,
        authority.key,
        &[],
        amount,
    )?;
    invoke(
        &transfer_ix,
        &[from.clone(), to.clone(), authority.clone()],
    )?;
    Ok(())

}

=== instructions/mod.rs ===
//! Instruction processors for SplTransfer

use crate::*;
use crate::helpers::*;

pub mod do_transfer;
pub use do_transfer::do_transfer;


=== lib.rs ===
//! SplTransfer — generated by Anvil v0.3.0
//! Source framework: Anchor → Target: Native
//!
//! This code was automatically generated. Sections marked with
//! "⚠️ Anvil: Review" should be verified before deployment.
#![deny(clippy::all)]
#![allow(unexpected_cfgs, dead_code, deprecated, unused_imports)]

use borsh::{BorshDeserialize, BorshSerialize};
use solana_program::{
    account_info::AccountInfo,
    entrypoint,
    entrypoint::ProgramResult,
    program::invoke,
    program::invoke_signed,
    program_error::ProgramError,
    pubkey::Pubkey,
    sysvar::Sysvar,
};

// G19 — Anchor's declare_id!() expands to these two items at crate root.
// Carried code may reference `crate::ID` or `crate::id()` for ownership
// checks and PDA derivations — stub them so emit stays compilable.
pub const ID: Pubkey = Pubkey::new_from_array([18, 202, 128, 75, 97, 137, 187, 148, 2, 51, 112, 195, 255, 120, 20, 251, 128, 138, 6, 40, 233, 233, 44, 130, 13, 170, 68, 10, 105, 84, 200, 87]);
pub fn id() -> Pubkey { ID }



mod instructions;

mod helpers;

use instructions::*;

use helpers::*;

entrypoint!(process_instruction);

pub fn process_instruction(
    program_id: &Pubkey,
    accounts: &[AccountInfo],
    instruction_data: &[u8],
) -> ProgramResult {
    if instruction_data.len() < 8 {
        return Err(ProgramError::InvalidInstructionData);
    }

    let (discriminator, data) = instruction_data.split_at(8);
    router(program_id, accounts, discriminator, data)
}

fn router(
    program_id: &Pubkey,
    accounts: &[AccountInfo],
    discriminator: &[u8],
    data: &[u8],
) -> ProgramResult {
    match discriminator {
        [93, 152, 119, 214, 139, 204, 242, 183] => do_transfer(program_id, accounts, data),
        _ => Err(ProgramError::InvalidInstructionData),
    }
}