=== helpers.rs ===
//! Helper functions for SplBurn

use super::*;

pub fn bump_seed(
    program_id: &Pubkey,
    seeds: &[&[u8]],
    expected: &Pubkey,
) -> Result<u8, ProgramError> {
    for bump in (0..=255u8).rev() {
        let mut seeds_with_bump: [&[u8]; 16] = [&[]; 16];
        let len = seeds.len().min(15);
        seeds_with_bump[..len].copy_from_slice(&seeds[..len]);
        let bump_slice = &[bump];
        seeds_with_bump[len] = bump_slice;
        if let Ok(derived) = pinocchio::pubkey::create_program_address(&seeds_with_bump[..len + 1], program_id) {
            if &derived == expected {
                return Ok(bump);
            }
        }
    }
    Err(ProgramError::InvalidSeeds)
}

pub fn spl_token_burn(
    account: &AccountInfo,
    mint: &AccountInfo,
    authority: &AccountInfo,
    amount: u64,
) -> ProgramResult {
    TokenBurn {
        account,
        mint,
        authority,
        amount,
    }
    .invoke()
}

=== instructions/do_burn.rs ===
use super::*;

pub fn do_burn(
    program_id: &Pubkey,
    accounts: &[AccountInfo],
    data: &[u8],
) -> ProgramResult {
    if accounts.len() < 4 {
        return Err(ProgramError::NotEnoughAccountKeys);
    }
    // Capture instruction data before account bindings; an account named
    // "data" would otherwise shadow the parameter and break arg parsing.
    let __ix_data: &[u8] = data;

    let mint = &accounts[0];
    let from = &accounts[1];
    let authority = &accounts[2];
    let token_program = &accounts[3];

    if !authority.is_signer() {
        return Err(ProgramError::MissingRequiredSignature);
    }
    if !mint.is_writable() || !from.is_writable() {
        return Err(ProgramError::InvalidAccountData);
    }
    if mint.owner() != &[6, 221, 246, 225, 215, 101, 161, 147, 217, 203, 225, 70, 206, 235, 121, 172, 28, 180, 133, 237, 95, 91, 55, 145, 58, 140, 245, 133, 126, 255, 0, 169] {
        return Err(ProgramError::IncorrectProgramId);
    }
    if from.owner() != &[6, 221, 246, 225, 215, 101, 161, 147, 217, 203, 225, 70, 206, 235, 121, 172, 28, 180, 133, 237, 95, 91, 55, 145, 58, 140, 245, 133, 126, 255, 0, 169] {
        return Err(ProgramError::IncorrectProgramId);
    }
    if token_program.key() != &[6, 221, 246, 225, 215, 101, 161, 147, 217, 203, 225, 70, 206, 235, 121, 172, 28, 180, 133, 237, 95, 91, 55, 145, 58, 140, 245, 133, 126, 255, 0, 169] {
        return Err(ProgramError::IncorrectProgramId);
    }

    // Args
    let mut remaining: &[u8] = __ix_data;
    if remaining.len() < 8 {
        return Err(ProgramError::InvalidInstructionData);
    }
    let (arg_bytes, rest) = remaining.split_at(8);
    remaining = rest;
    let amount: u64 = u64::from_le_bytes(
        arg_bytes.try_into().map_err(|_| ProgramError::InvalidInstructionData)?
    );
    if !remaining.is_empty() {
        return Err(ProgramError::InvalidInstructionData);
    }

    // SPL Token burn — from
    spl_token_burn(from, mint, authority, amount)?;
    Ok(())

}

=== instructions/mod.rs ===
//! Instruction processors for SplBurn

use crate::*;
use crate::helpers::*;

pub mod do_burn;
pub use do_burn::do_burn;


=== lib.rs ===
//! SplBurn — generated by Anvil v0.4.0
//! Source framework: Anchor → Target: Pinocchio
//!
//! This code was automatically generated. Sections marked with
//! "⚠️ Anvil: Review" should be verified before deployment.
#![deny(clippy::all)]
#![allow(unexpected_cfgs, dead_code, deprecated, unused_imports)]

use core::convert::TryInto;
use borsh::{BorshDeserialize, BorshSerialize};
use pinocchio::{
    account_info::AccountInfo,
    entrypoint,
    program_error::ProgramError,
    pubkey::Pubkey,
    ProgramResult,
};
use pinocchio_token::instructions::Transfer as TokenTransfer;
use pinocchio_token::instructions::Burn as TokenBurn;

// G19 — Anchor's declare_id!() expands to these two items at crate root.
// Carried code may reference `crate::ID` or `crate::id()` for ownership
// checks and PDA derivations — stub them so emit stays compilable.
pub const ID: Pubkey = [23, 7, 90, 91, 94, 222, 198, 110, 45, 42, 215, 50, 16, 186, 51, 219, 245, 15, 102, 23, 14, 168, 94, 216, 235, 71, 232, 136, 119, 99, 143, 133];
pub fn id() -> Pubkey { ID }



mod instructions;

mod helpers;

use instructions::*;

use helpers::*;

entrypoint!(process_instruction);

pub fn process_instruction(
    program_id: &Pubkey,
    accounts: &[AccountInfo],
    instruction_data: &[u8],
) -> ProgramResult {
    if program_id != &ID {
        return Err(ProgramError::IncorrectProgramId);
    }

    if instruction_data.len() < 8 {
        return Err(ProgramError::InvalidInstructionData);
    }

    let (discriminator, data) = instruction_data.split_at(8);
    router(program_id, accounts, discriminator, data)
}

fn router(
    program_id: &Pubkey,
    accounts: &[AccountInfo],
    discriminator: &[u8],
    data: &[u8],
) -> ProgramResult {
    match discriminator {
        [32, 201, 88, 200, 239, 217, 18, 167] => do_burn(program_id, accounts, data),
        _ => Err(ProgramError::InvalidInstructionData),
    }
}