=== helpers.rs ===
//! Helper functions for T22Transfer

use super::*;

pub fn bump_seed(
    program_id: &Pubkey,
    seeds: &[&[u8]],
    expected: &Pubkey,
) -> Result<u8, ProgramError> {
    for bump in (0..=255u8).rev() {
        let mut seeds_with_bump: [&[u8]; 16] = [&[]; 16];
        let len = seeds.len().min(15);
        seeds_with_bump[..len].copy_from_slice(&seeds[..len]);
        let bump_slice = &[bump];
        seeds_with_bump[len] = bump_slice;
        if let Ok(derived) = pinocchio::pubkey::create_program_address(&seeds_with_bump[..len + 1], program_id) {
            if &derived == expected {
                return Ok(bump);
            }
        }
    }
    Err(ProgramError::InvalidSeeds)
}

pub fn spl_token_transfer(
    from: &AccountInfo,
    to: &AccountInfo,
    authority: &AccountInfo,
    amount: u64,
) -> ProgramResult {
    TokenTransfer {
        from,
        to,
        authority,
        amount,
    }
    .invoke()
}

pub fn spl_token_transfer_signed(
    from: &AccountInfo,
    to: &AccountInfo,
    authority: &AccountInfo,
    amount: u64,
    signer_seeds: &[&[&[u8]]],
) -> ProgramResult {
    let seed_group = signer_seeds.first().ok_or(ProgramError::InvalidSeeds)?;
    let mut seeds: [Seed<'_>; 8] = core::array::from_fn(|_| Seed::from(&[][..]));
    for (i, seed) in seed_group.iter().enumerate() {
        if i >= seeds.len() { return Err(ProgramError::InvalidSeeds); }
        seeds[i] = Seed::from(*seed);
    }
    let signer = Signer::from(&seeds[..seed_group.len()]);
    TokenTransfer {
        from,
        to,
        authority,
        amount,
    }
    .invoke_signed(&[signer])
}

=== instructions/do_transfer.rs ===
use super::*;

pub fn do_transfer(
    program_id: &Pubkey,
    accounts: &[AccountInfo],
    data: &[u8],
) -> ProgramResult {
    if accounts.len() < 5 {
        return Err(ProgramError::NotEnoughAccountKeys);
    }
    // Capture instruction data before account bindings; an account named
    // "data" would otherwise shadow the parameter and break arg parsing.
    let __ix_data: &[u8] = data;

    let mint = &accounts[0];
    let from = &accounts[1];
    let to = &accounts[2];
    let authority = &accounts[3];
    let _token_program = &accounts[4];

    if !authority.is_signer() {
        return Err(ProgramError::MissingRequiredSignature);
    }
    if !from.is_writable() || !to.is_writable() {
        return Err(ProgramError::InvalidAccountData);
    }

    // Args
    let mut remaining: &[u8] = __ix_data;
    if remaining.len() < 8 {
        return Err(ProgramError::InvalidInstructionData);
    }
    let (arg_bytes, rest) = remaining.split_at(8);
    remaining = rest;
    let amount: u64 = u64::from_le_bytes(
        arg_bytes.try_into().map_err(|_| ProgramError::InvalidInstructionData)?
    );
    if !remaining.is_empty() {
        return Err(ProgramError::InvalidInstructionData);
    }

    // Token-2022 transfer_checked — from → to
    let mint_decimals = {
        let __mint_data = unsafe { mint.borrow_data_unchecked() };
        if __mint_data.len() < 45 {
            return Err(ProgramError::InvalidAccountData);
        }
        __mint_data[44]
    };
    {
        const TOKEN_2022_PROGRAM_ID: pinocchio::pubkey::Pubkey = [6, 221, 246, 225, 238, 117, 143, 222, 24, 66, 93, 188, 228, 108, 205, 218, 182, 26, 252, 77, 131, 185, 13, 39, 254, 189, 249, 40, 216, 161, 139, 252];
        let __t22_amount = (amount).to_le_bytes();
        let __t22_data: [u8; 10] = [
            12,
            __t22_amount[0], __t22_amount[1], __t22_amount[2], __t22_amount[3],
            __t22_amount[4], __t22_amount[5], __t22_amount[6], __t22_amount[7],
            mint_decimals,
        ];
        let __t22_metas = [
            pinocchio::instruction::AccountMeta::writable(from.key()),
            pinocchio::instruction::AccountMeta::readonly(mint.key()),
            pinocchio::instruction::AccountMeta::writable(to.key()),
            pinocchio::instruction::AccountMeta::readonly_signer(authority.key()),
        ];
        let __t22_ix = pinocchio::instruction::Instruction {
            program_id: &TOKEN_2022_PROGRAM_ID,
            accounts: &__t22_metas,
            data: &__t22_data,
        };
        pinocchio::cpi::invoke(&__t22_ix, &[from, mint, to, authority])?;
    }
    Ok(())

}

=== instructions/mod.rs ===
//! Instruction processors for T22Transfer

use crate::*;
use crate::helpers::*;

pub mod do_transfer;
pub use do_transfer::do_transfer;


=== lib.rs ===
//! T22Transfer — generated by Anvil v0.3.0
//! Source framework: Anchor → Target: Pinocchio
//!
//! This code was automatically generated. Sections marked with
//! "⚠️ Anvil: Review" should be verified before deployment.
#![deny(clippy::all)]
#![allow(unexpected_cfgs, dead_code, deprecated, unused_imports)]

use core::convert::TryInto;
use borsh::{BorshDeserialize, BorshSerialize};
use pinocchio::{
    account_info::AccountInfo,
    entrypoint,
    program_error::ProgramError,
    pubkey::Pubkey,
    ProgramResult,
};
use pinocchio::instruction::{Seed, Signer};
use pinocchio_token::instructions::Transfer as TokenTransfer;

// G19 — Anchor's declare_id!() expands to these two items at crate root.
// Carried code may reference `crate::ID` or `crate::id()` for ownership
// checks and PDA derivations — stub them so emit stays compilable.
pub const ID: Pubkey = [53, 115, 120, 183, 183, 227, 64, 227, 93, 54, 160, 207, 254, 12, 144, 19, 242, 131, 19, 141, 210, 117, 182, 201, 45, 196, 11, 123, 159, 218, 64, 152];
pub fn id() -> Pubkey { ID }



mod instructions;

mod helpers;

use instructions::*;

use helpers::*;

entrypoint!(process_instruction);

pub fn process_instruction(
    program_id: &Pubkey,
    accounts: &[AccountInfo],
    instruction_data: &[u8],
) -> ProgramResult {
    if instruction_data.len() < 8 {
        return Err(ProgramError::InvalidInstructionData);
    }

    let (discriminator, data) = instruction_data.split_at(8);
    router(program_id, accounts, discriminator, data)
}

fn router(
    program_id: &Pubkey,
    accounts: &[AccountInfo],
    discriminator: &[u8],
    data: &[u8],
) -> ProgramResult {
    match discriminator {
        [93, 152, 119, 214, 139, 204, 242, 183] => do_transfer(program_id, accounts, data),
        _ => Err(ProgramError::InvalidInstructionData),
    }
}