=== errors.rs ===
//! Error definitions for TipJarDemo

use super::*;

#[derive(Clone, Copy, Debug, PartialEq)]
#[repr(u32)]
pub enum JarError {
    /// Tip amount must be > 0
    ZeroTip = 6000,
    /// Tip exceeds 100 SOL maximum
    TipTooLarge = 6001,
    /// Caller is not the jar owner
    NotOwner = 6002,
}

pub use JarError::*;

impl From<JarError> for ProgramError {
    fn from(error: JarError) -> Self {
        ProgramError::Custom(error as u32)
    }
}

=== helpers.rs ===
//! Helper functions for TipJarDemo

use super::*;
use crate::state::*;
use crate::errors::*;

pub fn bump_seed(
    program_id: &Pubkey,
    seeds: &[&[u8]],
    expected: &Pubkey,
) -> Result<u8, ProgramError> {
    for bump in (0..=255u8).rev() {
        let mut seeds_with_bump: [&[u8]; 16] = [&[]; 16];
        let len = seeds.len().min(15);
        seeds_with_bump[..len].copy_from_slice(&seeds[..len]);
        let bump_slice = &[bump];
        seeds_with_bump[len] = bump_slice;
        if let Ok(derived) = pinocchio::pubkey::create_program_address(&seeds_with_bump[..len + 1], program_id) {
            if &derived == expected {
                return Ok(bump);
            }
        }
    }
    Err(ProgramError::InvalidSeeds)
}

pub fn transfer_lamports(
    from: &AccountInfo,
    to: &AccountInfo,
    amount: u64,
) -> ProgramResult {
    SystemTransfer {
        from,
        to,
        lamports: amount,
    }
    .invoke()
}

pub fn create_program_account(
    account: &AccountInfo,
    payer: &AccountInfo,
    space: usize,
    program_id: &Pubkey,
    signer_seeds: &[&[&[u8]]],
) -> ProgramResult {
    if signer_seeds.len() > 1 {
        return Err(ProgramError::InvalidSeeds);
    }

    let signer_storage = signer_seeds.first().map(|seed_group| {
        let mut seeds: [Seed<'_>; 8] = core::array::from_fn(|_| Seed::from(&[][..]));
        for (index, seed) in seed_group.iter().enumerate() {
            if index >= seeds.len() {
                return Err(ProgramError::InvalidSeeds);
            }
            seeds[index] = Seed::from(*seed);
        }
        Ok((seeds, seed_group.len()))
    }).transpose()?;

    let signer_slice = if let Some((ref seeds, len)) = signer_storage {
        let signer = Signer::from(&seeds[..len]);
        create_account_with_minimum_balance_signed(account, space, program_id, payer, None, &[signer])
    } else {
        create_account_with_minimum_balance_signed(account, space, program_id, payer, None, &[])
    };

    signer_slice
}

pub fn close_program_account(
    account: &AccountInfo,
    destination: &AccountInfo,
) -> ProgramResult {
    if account.key() == destination.key() {
        return Err(ProgramError::InvalidAccountData);
    }
    let lamports = account.lamports();
    {
        let destination_lamports = unsafe { destination.borrow_mut_lamports_unchecked() };
        *destination_lamports = destination_lamports
            .checked_add(lamports)
            .ok_or(ProgramError::ArithmeticOverflow)?;
    }
    {
        let account_lamports = unsafe { account.borrow_mut_lamports_unchecked() };
        *account_lamports = 0;
    }
    {
        // data doesn't need 'mut' on the binding — iter_mut() reborrows the
        // underlying &mut [u8] without needing the binding itself mutable.
        let data = unsafe { account.borrow_mut_data_unchecked() };
        for byte in data.iter_mut() {
            *byte = 0;
        }
    }
    Ok(())
}

=== instructions/close_jar.rs ===
use super::*;
use crate::errors::*;

pub fn close_jar(
    program_id: &Pubkey,
    accounts: &[AccountInfo],
    data: &[u8],
) -> ProgramResult {
    if accounts.len() < 2 {
        return Err(ProgramError::NotEnoughAccountKeys);
    }

    let jar = &accounts[0];
    let owner = &accounts[1];

    if !owner.is_signer() {
        return Err(ProgramError::MissingRequiredSignature);
    }
    if !jar.is_writable() || !owner.is_writable() {
        return Err(ProgramError::InvalidAccountData);
    }
    if jar.owner() != program_id {
        return Err(ProgramError::IncorrectProgramId);
    }

    if !data.is_empty() {
        return Err(ProgramError::InvalidInstructionData);
    }

    let _bump_jar = bump_seed(program_id, &[b"jar", owner.key().as_ref()], jar.key())?;
    let __ha_jar = TipJar::from_account_info(jar)?;
    if __ha_jar.owner != *owner.key() {
        return Err(ProgramError::InvalidAccountData);
    }
    close_program_account(jar, owner)?;
    Ok(())

}

=== instructions/create_jar.rs ===
use super::*;
use crate::errors::*;

pub fn create_jar(
    program_id: &Pubkey,
    accounts: &[AccountInfo],
    data: &[u8],
) -> ProgramResult {
    if accounts.len() < 3 {
        return Err(ProgramError::NotEnoughAccountKeys);
    }

    let jar = &accounts[0];
    let owner = &accounts[1];
    let _system_program = &accounts[2];

    if !owner.is_signer() {
        return Err(ProgramError::MissingRequiredSignature);
    }
    if !jar.is_writable() || !owner.is_writable() {
        return Err(ProgramError::InvalidAccountData);
    }

    if !data.is_empty() {
        return Err(ProgramError::InvalidInstructionData);
    }

    let bump_jar = bump_seed(program_id, &[b"jar", owner.key().as_ref()], jar.key())?;
    let init_jar_seeds: &[&[u8]] = &[
            b"jar",
            owner.key().as_ref(),
            &[bump_jar],
        ];
    let init_jar_signer_seeds = &[&init_jar_seeds[..]];
    create_program_account(jar, owner, (8 + TipJar::INIT_SPACE) as usize, program_id, init_jar_signer_seeds)?;
    let jar_account = jar;
    let mut jar = TipJar {
        owner: [0u8; 32],
        bump: 0,
    };
    jar.owner = *owner.key();
    jar.bump = bump_jar;
    TipJar::save(jar_account, &jar)?;
    Ok(())

}

=== instructions/mod.rs ===
//! Instruction processors for TipJarDemo

use crate::*;
use crate::state::*;
use crate::errors::*;
use crate::helpers::*;

pub mod create_jar;
pub use create_jar::create_jar;
pub mod tip;
pub use tip::tip;
pub mod close_jar;
pub use close_jar::close_jar;


=== instructions/tip.rs ===
use super::*;
use crate::errors::*;

pub fn tip(
    program_id: &Pubkey,
    accounts: &[AccountInfo],
    data: &[u8],
) -> ProgramResult {
    if accounts.len() < 3 {
        return Err(ProgramError::NotEnoughAccountKeys);
    }

    let jar = &accounts[0];
    let tipper = &accounts[1];
    let _system_program = &accounts[2];

    if !tipper.is_signer() {
        return Err(ProgramError::MissingRequiredSignature);
    }
    if !jar.is_writable() || !tipper.is_writable() {
        return Err(ProgramError::InvalidAccountData);
    }

    // Args
    let mut remaining = data;
    if remaining.len() < 8 {
        return Err(ProgramError::InvalidInstructionData);
    }
    let (arg_bytes, rest) = remaining.split_at(8);
    remaining = rest;
    let amount: u64 = u64::from_le_bytes(
        arg_bytes.try_into().map_err(|_| ProgramError::InvalidInstructionData)?
    );
    if !remaining.is_empty() {
        return Err(ProgramError::InvalidInstructionData);
    }

    if !(amount > 0) {
        return Err(JarError::ZeroTip.into());
    }
    if !(amount <= 100_000_000_000) {
        return Err(JarError::TipTooLarge.into());
    }
    transfer_lamports(tipper, jar, amount)?;
    Ok(())

}

=== lib.rs ===
//! TipJarDemo — generated by Anvil v0.3.0
//! Source framework: Anchor → Target: Pinocchio
//!
//! This code was automatically generated. Sections marked with
//! "⚠️ Anvil: Review" should be verified before deployment.
#![deny(clippy::all)]
#![allow(unexpected_cfgs, dead_code, deprecated, unused_imports)]

use core::convert::TryInto;
use borsh::{BorshDeserialize, BorshSerialize};
use pinocchio::{
    account_info::AccountInfo,
    entrypoint,
    program_error::ProgramError,
    pubkey::Pubkey,
    ProgramResult,
};
use pinocchio_system::instructions::Transfer as SystemTransfer;
use pinocchio::instruction::{Seed, Signer};
use pinocchio_system::create_account_with_minimum_balance_signed;

mod state;

mod instructions;

mod errors;

mod helpers;

use instructions::*;

pub use errors::*;

entrypoint!(process_instruction);

pub fn process_instruction(
    program_id: &Pubkey,
    accounts: &[AccountInfo],
    instruction_data: &[u8],
) -> ProgramResult {
    if instruction_data.len() < 8 {
        return Err(ProgramError::InvalidInstructionData);
    }

    let (discriminator, data) = instruction_data.split_at(8);
    router(program_id, accounts, discriminator, data)
}

fn router(
    program_id: &Pubkey,
    accounts: &[AccountInfo],
    discriminator: &[u8],
    data: &[u8],
) -> ProgramResult {
    match discriminator {
        [79, 12, 25, 249, 245, 177, 203, 232] => create_jar(program_id, accounts, data),
        [77, 164, 35, 21, 36, 121, 213, 51] => tip(program_id, accounts, data),
        [92, 189, 114, 36, 186, 123, 0, 163] => close_jar(program_id, accounts, data),
        _ => Err(ProgramError::InvalidInstructionData),
    }
}

=== state.rs ===
//! State account definitions for TipJarDemo

//! Generated by Anvil v0.3.0 — Target: Pinocchio


use super::*;

use crate::errors::*;

#[repr(C)]
pub struct TipJar {
    pub owner: [u8; 32],
    pub bump: u8,
}

impl TipJar {
    pub const DISCRIMINATOR: [u8; 8] = [1, 2, 42, 158, 102, 246, 174, 210];
    pub const INIT_SPACE: usize = 33;
    pub const LEN: usize = 33;
    pub const TOTAL_LEN: usize = 8 + Self::LEN;
    pub const SPACE: usize = Self::TOTAL_LEN;
    pub const SIZE: usize = Self::TOTAL_LEN;

    pub fn read(data: &[u8]) -> Result<Self, ProgramError> {
        if data.len() < Self::TOTAL_LEN {
            return Err(ProgramError::InvalidAccountData);
        }
        if data[..8] != Self::DISCRIMINATOR {
            return Err(ProgramError::InvalidAccountData);
        }
        let mut offset = 8usize;
        let owner: [u8; 32] = data[offset..offset + 32].try_into().map_err(|_| ProgramError::InvalidAccountData)?;
        offset += 32;
        let bump: u8 = data[offset];
        Ok(Self { owner, bump })
    }

    pub fn write(data: &mut [u8], value: &Self) -> ProgramResult {
        if data.len() < Self::TOTAL_LEN {
            return Err(ProgramError::InvalidAccountData);
        }
        data[..8].copy_from_slice(&Self::DISCRIMINATOR);
        let mut offset = 8usize;
        data[offset..offset + 32].copy_from_slice(&value.owner);
        offset += 32;
        data[offset] = value.bump as u8;
        Ok(())
    }

    pub fn from_account_info(account: &AccountInfo) -> Result<Self, ProgramError> {
        let data = unsafe { account.borrow_data_unchecked() };
        Self::read(&data)
    }

    pub fn save(account: &AccountInfo, value: &Self) -> ProgramResult {
        let mut data = unsafe { account.borrow_mut_data_unchecked() };
        Self::write(&mut data, value)
    }
}