=== errors.rs ===
//! Error definitions for Vault

use super::*;

#[derive(Clone, Copy, Debug, PartialEq)]
#[repr(u32)]
pub enum VaultError {
    /// Amount must be greater than zero
    InvalidAmount = 6000,
    /// Insufficient funds in vault
    InsufficientFunds = 6001,
    /// Withdrawal would drop the vault below rent-exempt minimum
    WouldBreakRentExempt = 6002,
    /// Arithmetic overflow
    Overflow = 6003,
    /// Arithmetic underflow
    Underflow = 6004,
}

pub use VaultError::*;

impl From<VaultError> for ProgramError {
    fn from(error: VaultError) -> Self {
        ProgramError::Custom(error as u32)
    }
}

impl std::fmt::Display for VaultError {
    fn fmt(&self, f: &mut std::fmt::Formatter) -> std::fmt::Result {
        write!(f, "{:?}", self)
    }
}

impl std::error::Error for VaultError {}

=== helpers.rs ===
//! Helper functions for Vault

use super::*;
use crate::state::*;
use crate::errors::*;

pub fn create_program_account<'a>(
    account: &AccountInfo<'a>,
    payer: &AccountInfo<'a>,
    space: u64,
    program_id: &Pubkey,
    signer_seeds: &[&[&[u8]]],
) -> ProgramResult {
    let rent = solana_program::sysvar::rent::Rent::get()?;
    let lamports = rent.minimum_balance(space as usize);
    let create_ix = system_instruction::create_account(
        payer.key,
        account.key,
        lamports,
        space,
        program_id,
    );
    invoke_signed(
        &create_ix,
        &[payer.clone(), account.clone()],
        signer_seeds,
    )?;
    Ok(())
}

pub fn transfer_lamports<'a>(
    from: &AccountInfo<'a>,
    to: &AccountInfo<'a>,
    amount: u64,
) -> ProgramResult {
    let transfer_ix = system_instruction::transfer(from.key, to.key, amount);
    invoke(
        &transfer_ix,
        &[from.clone(), to.clone()],
    )?;
    Ok(())
}

pub fn transfer_lamports_signed<'a>(
    from: &AccountInfo<'a>,
    to: &AccountInfo<'a>,
    amount: u64,
    signer_seeds: &[&[&[u8]]],
) -> ProgramResult {
    let transfer_ix = system_instruction::transfer(from.key, to.key, amount);
    invoke_signed(
        &transfer_ix,
        &[from.clone(), to.clone()],
        signer_seeds,
    )?;
    Ok(())
}

=== instructions/deposit.rs ===
use super::*;
use crate::errors::*;
use solana_program::program::invoke;

pub fn deposit(
    program_id: &Pubkey,
    accounts: &[AccountInfo],
    data: &[u8],
) -> ProgramResult {
    if accounts.len() < 4 {
        return Err(ProgramError::NotEnoughAccountKeys);
    }
    // Capture instruction data before account bindings; an account named
    // "data" would otherwise shadow the parameter and break arg parsing.
    let __ix_data: &[u8] = data;

    let vault_state = &accounts[0];
    let vault = &accounts[1];
    let authority = &accounts[2];
    let _system_program = &accounts[3];

    if !authority.is_signer {
        return Err(ProgramError::MissingRequiredSignature);
    }
    if !vault_state.is_writable || !vault.is_writable || !authority.is_writable {
        return Err(ProgramError::InvalidAccountData);
    }
    if vault_state.owner != program_id {
        return Err(ProgramError::IncorrectProgramId);
    }

    // Args
    let mut remaining: &[u8] = __ix_data;
    if remaining.len() < 8 {
        return Err(ProgramError::InvalidInstructionData);
    }
    let (arg_bytes, rest) = remaining.split_at(8);
    remaining = rest;
    let amount: u64 = u64::from_le_bytes(
        arg_bytes.try_into().map_err(|_| ProgramError::InvalidInstructionData)?
    );
    if !remaining.is_empty() {
        return Err(ProgramError::InvalidInstructionData);
    }

    let (expected_key, _bump_vault_state) = Pubkey::find_program_address(&[b"vault_state", authority.key.as_ref()], program_id);
    if expected_key != *vault_state.key {
        return Err(ProgramError::InvalidSeeds);
    }
    let (expected_key, _bump_vault) = Pubkey::find_program_address(&[b"vault", authority.key.as_ref()], program_id);
    if expected_key != *vault.key {
        return Err(ProgramError::InvalidSeeds);
    }
    if !(amount > 0) {
        return Err(VaultError::InvalidAmount.into());
    }
    let vault_state_account = vault_state;
    let mut vault_state = VaultState::read(&vault_state_account.data.borrow())?;
    if vault_state.authority != *authority.key {
        return Err(ProgramError::InvalidAccountData);
    }
    // System transfer
    let transfer_ix = system_instruction::transfer(authority.key, vault.key, amount);
    invoke(
        &transfer_ix,
        &[authority.clone(), vault.clone()],
    )?;
    vault_state.total_deposited = vault_state.total_deposited.checked_add(amount).ok_or(VaultError::Overflow)?;
    VaultState::write(&mut vault_state_account.data.borrow_mut(), &vault_state)?;
    Ok(())

}

=== instructions/initialize.rs ===
use super::*;
use crate::errors::*;

pub fn initialize(
    program_id: &Pubkey,
    accounts: &[AccountInfo],
    data: &[u8],
) -> ProgramResult {
    if accounts.len() < 4 {
        return Err(ProgramError::NotEnoughAccountKeys);
    }
    // Capture instruction data before account bindings; an account named
    // "data" would otherwise shadow the parameter and break arg parsing.
    let __ix_data: &[u8] = data;

    let vault_state = &accounts[0];
    let vault = &accounts[1];
    let authority = &accounts[2];
    let _system_program = &accounts[3];

    if !authority.is_signer {
        return Err(ProgramError::MissingRequiredSignature);
    }
    if !vault_state.is_writable || !vault.is_writable || !authority.is_writable {
        return Err(ProgramError::InvalidAccountData);
    }

    if !__ix_data.is_empty() {
        return Err(ProgramError::InvalidInstructionData);
    }

    let (expected_key, bump_vault_state) = Pubkey::find_program_address(&[b"vault_state", authority.key.as_ref()], program_id);
    if expected_key != *vault_state.key {
        return Err(ProgramError::InvalidSeeds);
    }
    let init_vault_state_seeds: &[&[u8]] = &[
            b"vault_state",
            authority.key.as_ref(),
            &[bump_vault_state],
        ];
    let init_vault_state_signer_seeds = &[&init_vault_state_seeds[..]];
    create_program_account(vault_state, authority, (8 + VaultState::INIT_SPACE) as u64, program_id, init_vault_state_signer_seeds)?;
    {
        let mut __init_data = vault_state.data.borrow_mut();
        __init_data[..8].copy_from_slice(&VaultState::DISCRIMINATOR);
    }
    let (expected_key, bump_vault) = Pubkey::find_program_address(&[b"vault", authority.key.as_ref()], program_id);
    if expected_key != *vault.key {
        return Err(ProgramError::InvalidSeeds);
    }
    let vault_state_account = vault_state;
    let mut vault_state = VaultState { authority: Pubkey::default(), total_deposited: 0, bump: 0, vault_bump: 0 };
    vault_state.authority = *authority.key;
    vault_state.total_deposited = 0;
    vault_state.bump = bump_vault_state;
    vault_state.vault_bump = bump_vault;
    VaultState::write(&mut vault_state_account.data.borrow_mut(), &vault_state)?;
    Ok(())

}

=== instructions/mod.rs ===
//! Instruction processors for Vault

use crate::*;
use crate::state::*;
use crate::errors::*;
use crate::helpers::*;

pub mod initialize;
pub use initialize::initialize;
pub mod deposit;
pub use deposit::deposit;
pub mod withdraw;
pub use withdraw::withdraw;


=== instructions/withdraw.rs ===
use super::*;
use crate::errors::*;
use solana_program::program::invoke_signed;

pub fn withdraw(
    program_id: &Pubkey,
    accounts: &[AccountInfo],
    data: &[u8],
) -> ProgramResult {
    if accounts.len() < 4 {
        return Err(ProgramError::NotEnoughAccountKeys);
    }
    // Capture instruction data before account bindings; an account named
    // "data" would otherwise shadow the parameter and break arg parsing.
    let __ix_data: &[u8] = data;

    let vault_state = &accounts[0];
    let vault = &accounts[1];
    let authority = &accounts[2];
    let _system_program = &accounts[3];

    if !authority.is_signer {
        return Err(ProgramError::MissingRequiredSignature);
    }
    if !vault_state.is_writable || !vault.is_writable || !authority.is_writable {
        return Err(ProgramError::InvalidAccountData);
    }
    if vault_state.owner != program_id {
        return Err(ProgramError::IncorrectProgramId);
    }

    // Args
    let mut remaining: &[u8] = __ix_data;
    if remaining.len() < 8 {
        return Err(ProgramError::InvalidInstructionData);
    }
    let (arg_bytes, rest) = remaining.split_at(8);
    remaining = rest;
    let amount: u64 = u64::from_le_bytes(
        arg_bytes.try_into().map_err(|_| ProgramError::InvalidInstructionData)?
    );
    if !remaining.is_empty() {
        return Err(ProgramError::InvalidInstructionData);
    }

    let (expected_key, _bump_vault_state) = Pubkey::find_program_address(&[b"vault_state", authority.key.as_ref()], program_id);
    if expected_key != *vault_state.key {
        return Err(ProgramError::InvalidSeeds);
    }
    let (expected_key, _bump_vault) = Pubkey::find_program_address(&[b"vault", authority.key.as_ref()], program_id);
    if expected_key != *vault.key {
        return Err(ProgramError::InvalidSeeds);
    }
    if !(amount > 0) {
        return Err(VaultError::InvalidAmount.into());
    }
    let vault_state_account = vault_state;
    let mut vault_state = VaultState::read(&vault_state_account.data.borrow())?;
    if vault_state.authority != *authority.key {
        return Err(ProgramError::InvalidAccountData);
    }
    let rent = solana_program::sysvar::rent::Rent::get()?;
    let rent_minimum = rent.minimum_balance(0);
    let post_balance = vault.lamports().checked_sub(amount).ok_or(VaultError::InsufficientFunds)?;
    if !(post_balance >= rent_minimum) {
        return Err(VaultError::WouldBreakRentExempt.into());
    }
    // PDA signer seeds for 'vault'
    let seeds: &[&[u8]] = &[
        b"vault",
        vault_state.authority.as_ref(),
        &[vault_state.vault_bump],
    ];
    let signer_seeds = &[&seeds[..]];
    // System transfer with PDA signer
    let transfer_ix = system_instruction::transfer(vault.key, authority.key, amount);
    invoke_signed(
        &transfer_ix,
        &[vault.clone(), authority.clone()],
        signer_seeds,
    )?;
    vault_state.total_deposited = vault_state.total_deposited.checked_sub(amount).ok_or(VaultError::Underflow)?;
    VaultState::write(&mut vault_state_account.data.borrow_mut(), &vault_state)?;
    Ok(())

}

=== lib.rs ===
//! Vault — generated by Anvil v0.3.0
//! Source framework: Anchor → Target: Native
//!
//! This code was automatically generated. Sections marked with
//! "⚠️ Anvil: Review" should be verified before deployment.
#![deny(clippy::all)]
#![allow(unexpected_cfgs, dead_code, deprecated, unused_imports)]

use borsh::{BorshDeserialize, BorshSerialize};
use solana_program::{
    account_info::AccountInfo,
    entrypoint,
    entrypoint::ProgramResult,
    program::invoke,
    program::invoke_signed,
    program_error::ProgramError,
    pubkey::Pubkey,
    system_instruction,
    sysvar::Sysvar,
};
use solana_program::sysvar::rent::Rent;

// G19 — Anchor's declare_id!() expands to these two items at crate root.
// Carried code may reference `crate::ID` or `crate::id()` for ownership
// checks and PDA derivations — stub them so emit stays compilable.
pub const ID: Pubkey = Pubkey::new_from_array([7, 82, 151, 3, 223, 251, 44, 201, 115, 178, 11, 42, 240, 70, 254, 57, 65, 193, 205, 204, 185, 87, 138, 12, 250, 207, 220, 192, 0, 0, 0, 0]);
pub fn id() -> Pubkey { ID }



mod state;

mod instructions;

mod errors;

mod helpers;

use instructions::*;

pub use errors::*;

use state::*;

use helpers::*;

entrypoint!(process_instruction);

pub fn process_instruction(
    program_id: &Pubkey,
    accounts: &[AccountInfo],
    instruction_data: &[u8],
) -> ProgramResult {
    if instruction_data.len() < 8 {
        return Err(ProgramError::InvalidInstructionData);
    }

    let (discriminator, data) = instruction_data.split_at(8);
    router(program_id, accounts, discriminator, data)
}

fn router(
    program_id: &Pubkey,
    accounts: &[AccountInfo],
    discriminator: &[u8],
    data: &[u8],
) -> ProgramResult {
    match discriminator {
        [175, 175, 109, 31, 13, 152, 155, 237] => initialize(program_id, accounts, data),
        [242, 35, 198, 137, 82, 225, 242, 182] => deposit(program_id, accounts, data),
        [183, 18, 70, 156, 148, 109, 161, 34] => withdraw(program_id, accounts, data),
        _ => Err(ProgramError::InvalidInstructionData),
    }
}

=== state.rs ===
//! State account definitions for Vault

//! Generated by Anvil v0.3.0 — Target: Native


use super::*;

use crate::errors::*;

#[repr(C)]
pub struct VaultState {
    pub authority: Pubkey,
    pub total_deposited: u64,
    pub bump: u8,
    pub vault_bump: u8,
}

impl VaultState {
    pub const DISCRIMINATOR: [u8; 8] = [228, 196, 82, 165, 98, 210, 235, 152];
    pub const INIT_SPACE: usize = 42;
    pub const LEN: usize = 42;
    pub const TOTAL_LEN: usize = 8 + Self::LEN;
    pub const SPACE: usize = Self::TOTAL_LEN;
    pub const SIZE: usize = Self::TOTAL_LEN;

    pub fn read(data: &[u8]) -> Result<Self, ProgramError> {
        if data.len() < Self::TOTAL_LEN {
            return Err(ProgramError::InvalidAccountData);
        }
        if data[..8] != Self::DISCRIMINATOR {
            return Err(ProgramError::InvalidAccountData);
        }
        // Alias to dodge field-name shadowing — a field named `data` would
        // shadow the parameter and break subsequent field reads.
        let __data_buf: &[u8] = data;
        let mut offset = 8usize;
        let authority: Pubkey = Pubkey::new_from_array(
            data[offset..offset + 32]
                .try_into()
                .map_err(|_| ProgramError::InvalidAccountData)?
        );
        offset += 32;
        let total_deposited: u64 = u64::from_le_bytes(
            __data_buf[offset..offset + 8].try_into().map_err(|_| ProgramError::InvalidAccountData)?
        );
        offset += 8;
        let bump: u8 = __data_buf[offset];
        offset += 1;
        let vault_bump: u8 = __data_buf[offset];
        Ok(Self { authority, total_deposited, bump, vault_bump })
    }

    pub fn write(data: &mut [u8], value: &Self) -> ProgramResult {
        if data.len() < Self::TOTAL_LEN {
            return Err(ProgramError::InvalidAccountData);
        }
        data[..8].copy_from_slice(&Self::DISCRIMINATOR);
        let __data_buf: &mut [u8] = data;
        let mut offset = 8usize;
        __data_buf[offset..offset + 32].copy_from_slice(&value.authority.as_ref());
        offset += 32;
        __data_buf[offset..offset + 8].copy_from_slice(&value.total_deposited.to_le_bytes());
        offset += 8;
        __data_buf[offset] = value.bump as u8;
        offset += 1;
        __data_buf[offset] = value.vault_bump as u8;
        Ok(())
    }

    /// Borsh-style convenience wrapper: borrow the account's data buffer
    /// and write the value into it. Mirrors Pinocchio's save() so the same
    /// emitter call site (`Type::save(account, &value)`) works on both.
    pub fn save(account: &AccountInfo, value: &Self) -> ProgramResult {
        let mut data = account.try_borrow_mut_data()?;
        Self::write(&mut data, value)
    }

    /// Mirror of Pinocchio's from_account_info — the body emitter calls
    /// `<Type>::from_account_info(account)?` cross-target, so Native
    /// must expose the same signature even though it could equivalently
    /// borrow + read inline. Without this, programs whose handlers don't
    /// directly call `::read(...)` (most non-trivial Anchor sources)
    /// fail Native cargo build with E0599 'no associated item named
    /// from_account_info'.
    pub fn from_account_info(account: &AccountInfo) -> Result<Self, ProgramError> {
        let data = account.try_borrow_data()?;
        Self::read(&data)
    }
}