[FAILED_ONLY] re-running 17 target-builds across 12 repos (filter from /home/pk/Anvil/reports/sweep-2026-04-25-rerun-2117.json)


═══ close-account (basics) ═══
  ✓ parse (65ms, 6 files, ir.name=close_account_program)
  ✗ (ai tried) pinocchio: errs 2→2, refine $0.0579, 38313ms
      • iter 0: 1/1 patches REVERTED, cargo 2→4 (kept best=2), $0.0198
      • iter 1: 1/1 patches REVERTED, cargo 2→8 (kept best=2), $0.0195
      • iter 2: 1/1 patches REVERTED, cargo 2→8 (kept best=2), $0.0186
  ✗ (ai tried) native: errs 2→1, refine $0.0459, 34535ms
      • iter 0: 1/1 patches, errors 2→1 ✓, $0.0096
      • iter 1: 0/1 patches accepted ($0.0161); feeding back to next iter
      • iter 2: 0/1 patches accepted ($0.0203); feeding back to next iter
  totalCost=$0.1039 (calls=6)

═══ create-account (basics) ═══
  ✓ parse (7ms, 1 files, ir.name=create_system_account)
  ✓+ai native: errs 2→0, refine $0.0300, 21188ms
      • iter 0: 1/1 patches, errors 2→1 ✓, $0.0150
      • iter 1: 1/1 patches, errors 2→0 ✓, $0.0151
  totalCost=$0.1339 (calls=8)

═══ pda-rent-payer (basics) ═══
  ✓ parse (12ms, 4 files, ir.name=pda_rent_payer)
  ✗ (ai tried) pinocchio: errs 7→4, refine $0.0794, 53124ms
      • iter 0: 2/2 patches REVERTED, cargo 7→8 (kept best=7), $0.0259
      • iter 1: 2/2 patches, errors 7→4 ✓, $0.0304
      • iter 2: 2/2 patches REVERTED, cargo 4→6 (kept best=4), $0.0231
  totalCost=$0.2133 (calls=11)

═══ program-derived-addresses (basics) ═══
  ✓ parse (12ms, 6 files, ir.name=program_derived_addresses_program)
  ✗ (ai tried) native: errs 4→1, refine $0.0495, 32813ms
      • iter 0: 2/2 patches, errors 4→1 ✓, $0.0271
      • iter 1: 0/1 patches accepted ($0.0107); feeding back to next iter
      • iter 2: 0/1 patches accepted ($0.0117); feeding back to next iter
  totalCost=$0.2628 (calls=14)

═══ rent (basics) ═══
  ✓ parse (38ms, 1 files, ir.name=rent_example)
  ✗ (ai tried) pinocchio: errs 1→1, refine $0.0667, 42470ms
      • iter 0: 1/1 patches REVERTED, cargo 1→2 (kept best=1), $0.0184
      • iter 1: 1/1 patches REVERTED, cargo 1→2 (kept best=1), $0.0227
      • iter 2: 1/1 patches REVERTED, cargo 1→2 (kept best=1), $0.0256
  totalCost=$0.3295 (calls=17)

═══ cpi-hand (cpi) ═══
  ✓ parse (4ms, 1 files, ir.name=hand)
  ✗ (ai tried) pinocchio: errs 11→9, refine $0.0703, 50108ms
      • iter 0: 1/2 patches, errors 11→10 ✓, $0.0239
      • iter 1: 1/2 patches, errors 11→9 ✓, $0.0227
      • iter 2: 1/2 patches REVERTED, cargo 9→9 (kept best=9), $0.0237
  ✗ (ai tried) native: errs 5→4, refine $0.0610, 42236ms
      • iter 0: 1/2 patches REVERTED, cargo 5→5 (kept best=5), $0.0234
      • iter 1: 1/2 patches, errors 5→4 ✓, $0.0262
      • iter 2: 0/1 patches accepted ($0.0114); feeding back to next iter
  totalCost=$0.4608 (calls=23)

═══ carnival (basics) ═══
  ✓ parse (63ms, 10 files, ir.name=carnival)
  ✓+ai pinocchio: errs 16→0, refine $0.1174, 63814ms
      • iter 0: 4/4 patches, errors 16→4 ✓, $0.0828
      • iter 1: 4/4 patches, errors 16→0 ✓, $0.0346
  ✓+ai native: errs 16→0, refine $0.1372, 76316ms
      • iter 0: 4/4 patches, errors 16→3 ✓, $0.0684
      • iter 1: 3/3 patches REVERTED, cargo 3→3 (kept best=3), $0.0306
      • iter 2: 3/3 patches, errors 16→0 ✓, $0.0383
  totalCost=$0.7154 (calls=28)

═══ create-token (spl) ═══
  ✓ parse (14ms, 1 files, ir.name=create_token)
  ✗ (ai tried) pinocchio: errs 3→3, refine $0.0718, 48461ms
      • iter 0: 1/1 patches REVERTED, cargo 3→5 (kept best=3), $0.0220
      • iter 1: 1/1 patches REVERTED, cargo 3→5 (kept best=3), $0.0237
      • iter 2: 1/1 patches REVERTED, cargo 3→5 (kept best=3), $0.0260
  totalCost=$0.7871 (calls=31)

═══ transfer-tokens (spl) ═══
  ✓ parse (49ms, 5 files, ir.name=transfer_tokens)
  ✓ native: errs 0→0, refine $0.0000, 310ms
      • clean build
  totalCost=$0.7871 (calls=31)

═══ spl-token-minter (spl) ═══
  ✓ parse (10ms, 4 files, ir.name=spl_token_minter)
  ✗ (ai tried) pinocchio: errs 3→3, refine $0.0754, 51849ms
      • iter 0: 1/1 patches REVERTED, cargo 3→3 (kept best=3), $0.0231
      • iter 1: 1/1 patches REVERTED, cargo 3→4 (kept best=3), $0.0262
      • iter 2: 1/1 patches REVERTED, cargo 3→3 (kept best=3), $0.0262
  ✓ native: errs 0→0, refine $0.0000, 286ms
      • clean build
  totalCost=$0.8625 (calls=34)

═══ pda-mint-authority (spl) ═══
  ✓ parse (9ms, 4 files, ir.name=token_minter)
  ✗ (ai tried) pinocchio: errs 5→5, refine $0.0867, 60672ms
      • iter 0: 1/1 patches REVERTED, cargo 5→11 (kept best=5), $0.0271
      • iter 1: 1/1 patches REVERTED, cargo 5→11 (kept best=5), $0.0292
      • iter 2: 1/1 patches REVERTED, cargo 5→12 (kept best=5), $0.0304
  ✗ (ai tried) native: errs 5→1, refine $0.0680, 51807ms
      • iter 0: 1/1 patches, errors 5→1 ✓, $0.0241
      • iter 1: 1/1 patches REVERTED, cargo 1→3 (kept best=1), $0.0200
      • iter 2: 1/1 patches REVERTED, cargo 1→1 (kept best=1), $0.0240
  totalCost=$1.0172 (calls=40)

═══ token-2022-basics (token2022) ═══
  ✓ parse (7ms, 1 files, ir.name=anchor)
  ✗ (ai tried) native: errs 4→3, refine $0.0927, 56316ms
      • iter 0: 1/2 patches REVERTED, cargo 4→4 (kept best=4), $0.0278
      • iter 1: 2/2 patches REVERTED, cargo 4→7 (kept best=4), $0.0276
      • iter 2: 1/2 patches, errors 4→3 ✓, $0.0372
  totalCost=$1.1099 (calls=43)

═══ DONE ═══
Total cost: $1.1099 across 43 AI calls
Wall time: 724.9s
Report: /home/pk/Anvil/reports/sweep-2026-04-25-rerun-2140.md
JSON:   /home/pk/Anvil/reports/sweep-2026-04-25-rerun-2140.json
