[FAILED_ONLY] re-running 10 target-builds across 8 repos (filter from /home/pk/Anvil/reports/sweep-2026-04-25-rerun-2149.json)


═══ pda-rent-payer (basics) ═══
  ✓ parse (79ms, 4 files, ir.name=pda_rent_payer)
  ✗ (ai tried) pinocchio: errs 7→4, refine $0.0794, 797ms
      • iter 0: 2/2 patches REVERTED, cargo 7→8 (kept best=7), $0.0259
      • iter 1: 2/2 patches, errors 7→4 ✓, $0.0304
      • iter 2: 2/2 patches REVERTED, cargo 4→6 (kept best=4), $0.0231
  totalCost=$0.0794 (calls=3)

═══ program-derived-addresses (basics) ═══
  ✓ parse (11ms, 6 files, ir.name=program_derived_addresses_program)
  ✓ native: errs 0→0, refine $0.0000, 731ms
      • clean build
  totalCost=$0.0794 (calls=3)

═══ rent (basics) ═══
  ✓ parse (8ms, 1 files, ir.name=rent_example)
  ✗ (ai tried) pinocchio: errs 1→1, refine $0.0667, 737ms
      • iter 0: 1/1 patches REVERTED, cargo 1→2 (kept best=1), $0.0184
      • iter 1: 1/1 patches REVERTED, cargo 1→2 (kept best=1), $0.0227
      • iter 2: 1/1 patches REVERTED, cargo 1→2 (kept best=1), $0.0256
  totalCost=$0.1461 (calls=6)

═══ cpi-hand (cpi) ═══
  ✓ parse (23ms, 1 files, ir.name=hand)
  ✗ (ai tried) pinocchio: errs 11→9, refine $0.0703, 589ms
      • iter 0: 1/2 patches, errors 11→10 ✓, $0.0239
      • iter 1: 1/2 patches, errors 11→9 ✓, $0.0227
      • iter 2: 1/2 patches REVERTED, cargo 9→9 (kept best=9), $0.0237
  ✗ (ai tried) native: errs 5→4, refine $0.0610, 842ms
      • iter 0: 1/2 patches REVERTED, cargo 5→5 (kept best=5), $0.0234
      • iter 1: 1/2 patches, errors 5→4 ✓, $0.0262
      • iter 2: 0/1 patches accepted ($0.0114); feeding back to next iter
  totalCost=$0.2773 (calls=12)

═══ create-token (spl) ═══
  ✓ parse (8ms, 1 files, ir.name=create_token)
  ✗ (ai tried) pinocchio: errs 3→3, refine $0.0960, 605ms
      • iter 0: 1/1 patches REVERTED, cargo 3→7 (kept best=3), $0.0326
      • iter 1: 1/1 patches REVERTED, cargo 3→5 (kept best=3), $0.0332
      • iter 2: 1/1 patches REVERTED, cargo 3→6 (kept best=3), $0.0303
  totalCost=$0.3734 (calls=15)

═══ spl-token-minter (spl) ═══
  ✓ parse (13ms, 4 files, ir.name=spl_token_minter)
  ✗ (ai tried) pinocchio: errs 3→3, refine $0.0754, 804ms
      • iter 0: 1/1 patches REVERTED, cargo 3→3 (kept best=3), $0.0231
      • iter 1: 1/1 patches REVERTED, cargo 3→4 (kept best=3), $0.0262
      • iter 2: 1/1 patches REVERTED, cargo 3→3 (kept best=3), $0.0262
  totalCost=$0.4488 (calls=18)

═══ pda-mint-authority (spl) ═══
  ✓ parse (31ms, 4 files, ir.name=token_minter)
  ✗ (ai tried) pinocchio: errs 5→5, refine $0.0867, 785ms
      • iter 0: 1/1 patches REVERTED, cargo 5→11 (kept best=5), $0.0271
      • iter 1: 1/1 patches REVERTED, cargo 5→11 (kept best=5), $0.0292
      • iter 2: 1/1 patches REVERTED, cargo 5→12 (kept best=5), $0.0304
  ✗ (ai tried) native: errs 5→1, refine $0.0680, 1336ms
      • iter 0: 1/1 patches, errors 5→1 ✓, $0.0241
      • iter 1: 1/1 patches REVERTED, cargo 1→3 (kept best=1), $0.0200
      • iter 2: 1/1 patches REVERTED, cargo 1→1 (kept best=1), $0.0240
  totalCost=$0.6035 (calls=24)

═══ token-2022-basics (token2022) ═══
  ✓ parse (29ms, 1 files, ir.name=anchor)
  ✗ (ai tried) native: errs 3→3, refine $0.0731, 42513ms
      • iter 0: 0/1 patches accepted ($0.0288); feeding back to next iter
      • iter 1: 0/1 patches accepted ($0.0223); feeding back to next iter
      • iter 2: 0/1 patches accepted ($0.0220); feeding back to next iter
  totalCost=$0.6766 (calls=27)

═══ DONE ═══
Total cost: $0.6766 across 27 AI calls
Wall time: 50.0s
Report: /home/pk/Anvil/reports/sweep-2026-04-25-rerun-2223.md
JSON:   /home/pk/Anvil/reports/sweep-2026-04-25-rerun-2223.json
