[FAILED_ONLY] re-running 20 target-builds across 13 repos (filter from /home/pk/Anvil/reports/sweep-2026-04-25.json)


═══ close-account (basics) ═══
  ✓ parse (59ms, 6 files, ir.name=close_account_program)
  ✗ (ai tried) pinocchio: errs 2→2, refine $0.0361, 22352ms
      • iter 0: 1/1 patches REVERTED, cargo 2→4 (kept best=2), $0.0203
      • iter 1: 1/1 patches REVERTED, cargo 2→4 (kept best=2), $0.0157
  ✗ (ai tried) native: errs 2→2, refine $0.0301, 22873ms
      • iter 0: 1/1 patches REVERTED, cargo 2→3 (kept best=2), $0.0131
      • iter 1: 0/1 patches accepted ($0.0170); feeding back to next iter
  totalCost=$0.0662 (calls=4)

═══ create-account (basics) ═══
  ✓ parse (5ms, 1 files, ir.name=create_system_account)
  ✗ (ai tried) native: errs 2→1, refine $0.0299, 20607ms
      • iter 0: 1/1 patches, errors 2→1 ✓, $0.0150
      • iter 1: 1/1 patches REVERTED, cargo 1→1 (kept best=1), $0.0149
  totalCost=$0.0960 (calls=6)

═══ pda-rent-payer (basics) ═══
  ✓ parse (5ms, 4 files, ir.name=pda_rent_payer)
  ✗ (ai tried) pinocchio: errs 7→6, refine $0.0535, 39017ms
      • iter 0: 2/2 patches, errors 7→6 ✓, $0.0288
      • iter 1: 2/2 patches REVERTED, cargo 6→9 (kept best=6), $0.0247
  totalCost=$0.1496 (calls=8)

═══ program-derived-addresses (basics) ═══
  ✓ parse (5ms, 6 files, ir.name=program_derived_addresses_program)
  ✗ (ai tried) native: errs 4→1, refine $0.0573, 35754ms
      • iter 0: 2/2 patches REVERTED, cargo 4→5 (kept best=4), $0.0274
      • iter 1: 2/2 patches, errors 4→1 ✓, $0.0298
  totalCost=$0.2068 (calls=10)

═══ realloc (basics) ═══
  ✓ parse (3ms, 1 files, ir.name=anchor_realloc)
  ✓+ai native: errs 2→0, refine $0.0599, 35645ms
      • iter 0: 2/2 patches REVERTED, cargo 2→2 (kept best=2), $0.0266
      • iter 1: 2/2 patches, errors 2→0 ✓, $0.0333
  totalCost=$0.2667 (calls=12)

═══ rent (basics) ═══
  ✓ parse (5ms, 1 files, ir.name=rent_example)
  ✗ (ai tried) pinocchio: errs 1→1, refine $0.0436, 29357ms
      • iter 0: 1/1 patches REVERTED, cargo 1→2 (kept best=1), $0.0184
      • iter 1: 1/1 patches REVERTED, cargo 1→1 (kept best=1), $0.0252
  totalCost=$0.3103 (calls=14)

═══ cpi-hand (cpi) ═══
  ✓ parse (4ms, 1 files, ir.name=hand)
  ✗ (ai tried) pinocchio: errs 11→9, refine $0.0511, 36233ms
      • iter 0: 1/2 patches, errors 11→9 ✓, $0.0263
      • iter 1: 1/2 patches REVERTED, cargo 9→9 (kept best=9), $0.0247
  ✗ (ai tried) native: errs 5→4, refine $0.0490, 31777ms
      • iter 0: 1/2 patches REVERTED, cargo 5→5 (kept best=5), $0.0234
      • iter 1: 1/2 patches, errors 5→4 ✓, $0.0257
  totalCost=$0.4105 (calls=18)

═══ carnival (basics) ═══
  ✓ parse (7ms, 10 files, ir.name=carnival)
  ✗ (ai tried) pinocchio: errs 16→3, refine $0.1198, 64718ms
      • iter 0: 4/4 patches, errors 16→7 ✓, $0.0820
      • iter 1: 4/5 patches, errors 16→3 ✓, $0.0377
  ✗ (ai tried) native: errs 16→1, refine $0.0886, 47719ms
      • iter 0: 4/4 patches, errors 16→3 ✓, $0.0688
      • iter 1: 2/3 patches, errors 16→1 ✓, $0.0198
  totalCost=$0.6189 (calls=22)

═══ create-token (spl) ═══
  ✓ parse (4ms, 1 files, ir.name=create_token)
  ✗ (ai tried) pinocchio: errs 3→3, refine $0.0566, 41245ms
      • iter 0: 1/1 patches REVERTED, cargo 3→5 (kept best=3), $0.0261
      • iter 1: 1/1 patches REVERTED, cargo 3→3 (kept best=3), $0.0304
  totalCost=$0.6754 (calls=24)

═══ transfer-tokens (spl) ═══
  ✓ parse (10ms, 5 files, ir.name=transfer_tokens)
  ✓+ai pinocchio: errs 5→0, refine $0.0958, 55778ms
      • iter 0: 3/3 patches REVERTED, cargo 5→10 (kept best=5), $0.0463
      • iter 1: 3/3 patches, errors 5→0 ✓, $0.0495
  ✗ (ai tried) native: errs 2→2, refine $0.0677, 37014ms
      • iter 0: 0/2 patches accepted ($0.0315); feeding back to next iter
      • iter 1: 2/2 patches REVERTED, cargo 2→3 (kept best=2), $0.0362
  totalCost=$0.8390 (calls=28)

═══ spl-token-minter (spl) ═══
  ✓ parse (4ms, 4 files, ir.name=spl_token_minter)
  ✗ (ai tried) pinocchio: errs 4→4, refine $0.0712, 43284ms
      • iter 0: 2/2 patches REVERTED, cargo 4→6 (kept best=4), $0.0340
      • iter 1: 2/2 patches REVERTED, cargo 4→6 (kept best=4), $0.0373
  ✗ (ai tried) native: errs 1→1, refine $0.0404, 29327ms
      • iter 0: 0/1 patches accepted ($0.0179); feeding back to next iter
      • iter 1: 0/1 patches accepted ($0.0224); feeding back to next iter
  totalCost=$0.9506 (calls=32)

═══ pda-mint-authority (spl) ═══
  ✓ parse (5ms, 4 files, ir.name=token_minter)
  ✗ (ai tried) pinocchio: errs 6→6, refine $0.0772, 46052ms
      • iter 0: 2/2 patches REVERTED, cargo 6→8 (kept best=6), $0.0349
      • iter 1: 2/2 patches REVERTED, cargo 6→7 (kept best=6), $0.0422
  ✗ (ai tried) native: errs 6→3, refine $0.0757, 47655ms
      • iter 0: 2/2 patches REVERTED, cargo 6→22 (kept best=6), $0.0385
      • iter 1: 2/2 patches, errors 6→3 ✓, $0.0372
  totalCost=$1.1035 (calls=36)

═══ token-2022-basics (token2022) ═══
  ✓ parse (7ms, 1 files, ir.name=anchor)
  ✗ (ai tried) pinocchio: errs 2→1, refine $0.0623, 38878ms
      • iter 0: 2/2 patches REVERTED, cargo 2→3 (kept best=2), $0.0277
      • iter 1: 2/2 patches, errors 2→1 ✓, $0.0346
  ✗ (ai tried) native: errs 5→3, refine $0.0844, 49850ms
      • iter 0: 2/3 patches REVERTED, cargo 5→5 (kept best=5), $0.0430
      • iter 1: 3/3 patches, errors 5→3 ✓, $0.0414
  totalCost=$1.2502 (calls=40)

═══ DONE ═══
Total cost: $1.2502 across 40 AI calls
Wall time: 775.3s
Report: /home/pk/Anvil/reports/sweep-2026-04-25-rerun-2109.md
JSON:   /home/pk/Anvil/reports/sweep-2026-04-25-rerun-2109.json
