Cloning solana-developers/program-examples (depth 1)…
Cloning into '/tmp/program-examples'...

═══ checking-accounts (basics) ═══
  ✓ parse (56ms, 1 files, ir.name=checking_account_program)
  ✓ pinocchio: errs 0→0, refine $0.0000, 5081ms
      • clean build
  ✓ native: errs 0→0, refine $0.0000, 15605ms
      • clean build
  totalCost=$0.0000 (calls=0)

═══ close-account (basics) ═══
  ✓ parse (28ms, 6 files, ir.name=close_account_program)
  ✗ (ai tried) pinocchio: errs 2→4, refine $0.0409, 322ms
      • iter 0: 1/1 patches, errors 2→4, $0.0114
      • iter 1: 0/2 patches accepted ($0.0295); stopping
  ✗ (ai tried) native: errs 2→1, refine $0.0275, 600ms
      • iter 0: 1/1 patches, errors 2→1, $0.0115
      • iter 1: 0/1 patches accepted ($0.0160); stopping
  totalCost=$0.0684 (calls=4)

═══ counter (basics) ═══
  ✓ parse (4ms, 1 files, ir.name=counter_anchor)
  ✓ pinocchio: errs 0→0, refine $0.0000, 131ms
      • clean build
  ✓ native: errs 0→0, refine $0.0000, 260ms
      • clean build
  totalCost=$0.0684 (calls=4)

═══ create-account (basics) ═══
  ✓ parse (4ms, 1 files, ir.name=create_system_account)
  ✓ pinocchio: errs 0→0, refine $0.0000, 103ms
      • clean build
  ✗ (ai tried) native: errs 2→1, refine $0.0290, 503ms
      • iter 0: 1/1 patches, errors 2→1, $0.0148
      • iter 1: 0/1 patches accepted ($0.0143); stopping
  totalCost=$0.0974 (calls=6)

═══ processing-instructions (basics) ═══
  ✓ parse (4ms, 1 files, ir.name=processing_instructions)
  ✓ pinocchio: errs 0→0, refine $0.0000, 114ms
      • clean build
  ✓ native: errs 0→0, refine $0.0000, 227ms
      • clean build
  totalCost=$0.0974 (calls=6)

═══ pda-rent-payer (basics) ═══
  ✓ parse (4ms, 4 files, ir.name=pda_rent_payer)
  ✗ (ai tried) pinocchio: errs 7→15, refine $0.0598, 414ms
      • iter 0: 2/2 patches, errors 7→15, $0.0265
      • iter 1: 2/3 patches, errors 7→15, $0.0333
  ✓+ai native: errs 4→0, refine $0.0171, 510ms
      • iter 0: 1/1 patches, errors 4→0, $0.0171
  totalCost=$0.1743 (calls=9)

═══ program-derived-addresses (basics) ═══
  ✓ parse (5ms, 6 files, ir.name=program_derived_addresses_program)
  ✓+ai pinocchio: errs 4→0, refine $0.0543, 419ms
      • iter 0: 2/3 patches, errors 4→8, $0.0298
      • iter 1: 2/2 patches, errors 4→0, $0.0246
  ✗ (ai tried) native: errs 4→4, refine $0.0562, 895ms
      • iter 0: 2/2 patches, errors 4→5, $0.0271
      • iter 1: 1/2 patches, errors 4→4, $0.0291
  totalCost=$0.2849 (calls=13)

═══ realloc (basics) ═══
  ✓ parse (3ms, 1 files, ir.name=anchor_realloc)
  ✓+ai pinocchio: errs 1→0, refine $0.0266, -536ms
      • iter 0: 1/1 patches, errors 1→2, $0.0123
      • iter 1: 1/1 patches, errors 1→0, $0.0144
  ✗ (ai tried) native: errs 2→2, refine $0.0129, 286ms
      • iter 0: 0/1 patches accepted ($0.0129); stopping
  totalCost=$0.3244 (calls=16)

═══ rent (basics) ═══
  ✓ parse (4ms, 1 files, ir.name=rent_example)
  ✗ (ai tried) pinocchio: errs 1→2, refine $0.0364, 454ms
      • iter 0: 1/1 patches, errors 1→1, $0.0183
      • iter 1: 1/1 patches, errors 1→2, $0.0181
  ✓+ai native: errs 2→0, refine $0.0333, 14679ms
      • iter 0: 1/1 patches, errors 2→1, $0.0165
      • iter 1: 1/1 patches, errors 2→0, $0.0168
  totalCost=$0.3941 (calls=20)

═══ transfer-sol (cpi) ═══
  ✓ parse (3ms, 1 files, ir.name=transfer_sol)
  ✓+ai pinocchio: errs 2→0, refine $0.0219, 17704ms
      • iter 0: 1/1 patches, errors 2→1, $0.0113
      • iter 1: 1/1 patches, errors 2→0, $0.0106
  ✓ native: errs 0→0, refine $0.0000, 286ms
      • clean build
  totalCost=$0.4160 (calls=22)

═══ cpi-hand (cpi) ═══
  ✓ parse (3ms, 1 files, ir.name=hand)
  ✗ (ai tried) pinocchio: errs 11→11, refine $0.0500, 34895ms
      • iter 0: 1/2 patches, errors 11→12, $0.0260
      • iter 1: 1/2 patches, errors 11→11, $0.0240
  ✗ (ai tried) native: errs 5→4, refine $0.0330, 23754ms
      • iter 0: 1/2 patches, errors 5→4, $0.0213
      • iter 1: 0/1 patches accepted ($0.0117); stopping
  totalCost=$0.4990 (calls=26)

═══ cpi-lever (cpi) ═══
  ✓ parse (5ms, 1 files, ir.name=lever)
  ✓ pinocchio: errs 0→0, refine $0.0000, 144ms
      • clean build
  ✓ native: errs 0→0, refine $0.0000, 272ms
      • clean build
  totalCost=$0.4990 (calls=26)

═══ carnival (basics) ═══
  ✓ parse (6ms, 10 files, ir.name=carnival)
  ✗ (ai tried) pinocchio: errs 16→3, refine $0.0638, 34260ms
      • iter 0: 1/1 patches, errors 16→3, $0.0548
      • iter 1: 1/1 patches, errors 16→3, $0.0090
  ✗ (ai tried) native: errs 16→3, refine $0.0960, 53406ms
      • iter 0: 4/4 patches, errors 16→3, $0.0636
      • iter 1: 3/3 patches, errors 16→3, $0.0324
  totalCost=$0.6588 (calls=30)

═══ create-token (spl) ═══
  ✓ parse (2ms, 1 files, ir.name=create_token)
  ✗ (ai tried) pinocchio: errs 3→7, refine $0.0453, 29972ms
      • iter 0: 1/1 patches, errors 3→11, $0.0227
      • iter 1: 1/1 patches, errors 3→7, $0.0227
  ✓+ai native: errs 1→0, refine $0.0186, 13071ms
      • iter 0: 1/1 patches, errors 1→0, $0.0186
  totalCost=$0.7227 (calls=33)

═══ transfer-tokens (spl) ═══
  ✓ parse (6ms, 5 files, ir.name=transfer_tokens)
  ✗ (ai tried) pinocchio: errs 5→7, refine $0.0851, 48017ms
      • iter 0: 3/3 patches, errors 5→11, $0.0458
      • iter 1: 3/3 patches, errors 5→7, $0.0392
  ✗ (ai tried) native: errs 2→2, refine $0.0323, 19578ms
      • iter 0: 0/2 patches accepted ($0.0323); stopping
  totalCost=$0.8401 (calls=36)

═══ spl-token-minter (spl) ═══
  ✓ parse (6ms, 4 files, ir.name=spl_token_minter)
  ✗ (ai tried) pinocchio: errs 4→10, refine $0.0721, 46470ms
      • iter 0: 2/2 patches, errors 4→15, $0.0337
      • iter 1: 2/2 patches, errors 4→10, $0.0384
  ✗ (ai tried) native: errs 1→1, refine $0.0169, 11859ms
      • iter 0: 0/1 patches accepted ($0.0169); stopping
  totalCost=$0.9291 (calls=39)

═══ pda-mint-authority (spl) ═══
  ✓ parse (9ms, 4 files, ir.name=token_minter)
  ✗ (ai tried) pinocchio: errs 6→2, refine $0.0642, 42836ms
      • iter 0: 2/2 patches, errors 6→6, $0.0287
      • iter 1: 2/2 patches, errors 6→2, $0.0355
  ✗ (ai tried) native: errs 6→2, refine $0.0624, 41190ms
      • iter 0: 2/2 patches, errors 6→2, $0.0360
      • iter 1: 0/2 patches accepted ($0.0264); stopping
  totalCost=$1.0558 (calls=43)

═══ token-2022-basics (token2022) ═══
  ✓ parse (6ms, 1 files, ir.name=anchor)
  ✗ (ai tried) pinocchio: errs 2→4, refine $0.0702, 44458ms
      • iter 0: 2/2 patches, errors 2→6, $0.0267
      • iter 1: 2/3 patches, errors 2→4, $0.0434
  ✗ (ai tried) native: errs 5→4, refine $0.0670, 42476ms
      • iter 0: 2/3 patches, errors 5→4, $0.0392
      • iter 1: 1/2 patches, errors 5→4, $0.0277
  totalCost=$1.1929 (calls=47)

═══ DONE ═══
Total cost: $1.1929 across 47 AI calls
Wall time: 548.5s
Report: /home/pk/Anvil/reports/sweep-2026-04-25.md
JSON:   /home/pk/Anvil/reports/sweep-2026-04-25.json
